Archive member included to satisfy reference by file (symbol)

c:/nxp/mcuxpressoide_11.8.0_1165/ide/plugins/com.nxp.mcuxpresso.tools.win32_11.8.0.202306131047/tools/bin/../lib/gcc/arm-none-eabi/12.2.1/thumb/v6-m/nofp\libm.a(libm_a-s_round.o)
                              ./framework/XCVR/MKW41Z4/fsl_xcvr.o (round)
c:/nxp/mcuxpressoide_11.8.0_1165/ide/plugins/com.nxp.mcuxpresso.tools.win32_11.8.0.202306131047/tools/bin/../lib/gcc/arm-none-eabi/12.2.1/thumb/v6-m/nofp\libm.a(libm_a-s_trunc.o)
                              ./framework/XCVR/MKW41Z4/fsl_xcvr.o (trunc)
c:/nxp/mcuxpressoide_11.8.0_1165/ide/plugins/com.nxp.mcuxpresso.tools.win32_11.8.0.202306131047/tools/bin/../lib/gcc/arm-none-eabi/12.2.1/thumb/v6-m/nofp\libm.a(libm_a-sf_round.o)
                              ./framework/XCVR/MKW41Z4/fsl_xcvr_trim.o (roundf)
c:/nxp/mcuxpressoide_11.8.0_1165/ide/plugins/com.nxp.mcuxpresso.tools.win32_11.8.0.202306131047/tools/bin/../lib/gcc/arm-none-eabi/12.2.1/thumb/v6-m/nofp\libc.a(libc_a-exit.o)
                              c:/nxp/mcuxpressoide_11.8.0_1165/ide/plugins/com.nxp.mcuxpresso.tools.win32_11.8.0.202306131047/tools/bin/../lib/gcc/arm-none-eabi/12.2.1/thumb/v6-m/nofp/crt0.o (exit)
c:/nxp/mcuxpressoide_11.8.0_1165/ide/plugins/com.nxp.mcuxpresso.tools.win32_11.8.0.202306131047/tools/bin/../lib/gcc/arm-none-eabi/12.2.1/thumb/v6-m/nofp\libc.a(libc_a-findfp.o)
                              c:/nxp/mcuxpressoide_11.8.0_1165/ide/plugins/com.nxp.mcuxpresso.tools.win32_11.8.0.202306131047/tools/bin/../lib/gcc/arm-none-eabi/12.2.1/thumb/v6-m/nofp\libc.a(libc_a-exit.o) (__stdio_exit_handler)
c:/nxp/mcuxpressoide_11.8.0_1165/ide/plugins/com.nxp.mcuxpresso.tools.win32_11.8.0.202306131047/tools/bin/../lib/gcc/arm-none-eabi/12.2.1/thumb/v6-m/nofp\libc.a(libc_a-fwalk.o)
                              c:/nxp/mcuxpressoide_11.8.0_1165/ide/plugins/com.nxp.mcuxpresso.tools.win32_11.8.0.202306131047/tools/bin/../lib/gcc/arm-none-eabi/12.2.1/thumb/v6-m/nofp\libc.a(libc_a-findfp.o) (_fwalk_sglue)
c:/nxp/mcuxpressoide_11.8.0_1165/ide/plugins/com.nxp.mcuxpresso.tools.win32_11.8.0.202306131047/tools/bin/../lib/gcc/arm-none-eabi/12.2.1/thumb/v6-m/nofp\libc.a(libc_a-stdio.o)
                              c:/nxp/mcuxpressoide_11.8.0_1165/ide/plugins/com.nxp.mcuxpresso.tools.win32_11.8.0.202306131047/tools/bin/../lib/gcc/arm-none-eabi/12.2.1/thumb/v6-m/nofp\libc.a(libc_a-findfp.o) (__sread)
c:/nxp/mcuxpressoide_11.8.0_1165/ide/plugins/com.nxp.mcuxpresso.tools.win32_11.8.0.202306131047/tools/bin/../lib/gcc/arm-none-eabi/12.2.1/thumb/v6-m/nofp\libc.a(libc_a-memset.o)
                              c:/nxp/mcuxpressoide_11.8.0_1165/ide/plugins/com.nxp.mcuxpresso.tools.win32_11.8.0.202306131047/tools/bin/../lib/gcc/arm-none-eabi/12.2.1/thumb/v6-m/nofp/crt0.o (memset)
c:/nxp/mcuxpressoide_11.8.0_1165/ide/plugins/com.nxp.mcuxpresso.tools.win32_11.8.0.202306131047/tools/bin/../lib/gcc/arm-none-eabi/12.2.1/thumb/v6-m/nofp\libc.a(libc_a-closer.o)
                              c:/nxp/mcuxpressoide_11.8.0_1165/ide/plugins/com.nxp.mcuxpresso.tools.win32_11.8.0.202306131047/tools/bin/../lib/gcc/arm-none-eabi/12.2.1/thumb/v6-m/nofp\libc.a(libc_a-stdio.o) (_close_r)
c:/nxp/mcuxpressoide_11.8.0_1165/ide/plugins/com.nxp.mcuxpresso.tools.win32_11.8.0.202306131047/tools/bin/../lib/gcc/arm-none-eabi/12.2.1/thumb/v6-m/nofp\libc.a(libc_a-reent.o)
                              c:/nxp/mcuxpressoide_11.8.0_1165/ide/plugins/com.nxp.mcuxpresso.tools.win32_11.8.0.202306131047/tools/bin/../lib/gcc/arm-none-eabi/12.2.1/thumb/v6-m/nofp\libc.a(libc_a-closer.o) (errno)
c:/nxp/mcuxpressoide_11.8.0_1165/ide/plugins/com.nxp.mcuxpresso.tools.win32_11.8.0.202306131047/tools/bin/../lib/gcc/arm-none-eabi/12.2.1/thumb/v6-m/nofp\libc.a(libc_a-impure.o)
                              c:/nxp/mcuxpressoide_11.8.0_1165/ide/plugins/com.nxp.mcuxpresso.tools.win32_11.8.0.202306131047/tools/bin/../lib/gcc/arm-none-eabi/12.2.1/thumb/v6-m/nofp\libc.a(libc_a-reent.o) (_impure_ptr)
c:/nxp/mcuxpressoide_11.8.0_1165/ide/plugins/com.nxp.mcuxpresso.tools.win32_11.8.0.202306131047/tools/bin/../lib/gcc/arm-none-eabi/12.2.1/thumb/v6-m/nofp\libc.a(libc_a-lseekr.o)
                              c:/nxp/mcuxpressoide_11.8.0_1165/ide/plugins/com.nxp.mcuxpresso.tools.win32_11.8.0.202306131047/tools/bin/../lib/gcc/arm-none-eabi/12.2.1/thumb/v6-m/nofp\libc.a(libc_a-stdio.o) (_lseek_r)
c:/nxp/mcuxpressoide_11.8.0_1165/ide/plugins/com.nxp.mcuxpresso.tools.win32_11.8.0.202306131047/tools/bin/../lib/gcc/arm-none-eabi/12.2.1/thumb/v6-m/nofp\libc.a(libc_a-readr.o)
                              c:/nxp/mcuxpressoide_11.8.0_1165/ide/plugins/com.nxp.mcuxpresso.tools.win32_11.8.0.202306131047/tools/bin/../lib/gcc/arm-none-eabi/12.2.1/thumb/v6-m/nofp\libc.a(libc_a-stdio.o) (_read_r)
c:/nxp/mcuxpressoide_11.8.0_1165/ide/plugins/com.nxp.mcuxpresso.tools.win32_11.8.0.202306131047/tools/bin/../lib/gcc/arm-none-eabi/12.2.1/thumb/v6-m/nofp\libc.a(libc_a-writer.o)
[...]
Memory Configuration

Name             Origin             Length             Attributes
TEXT_region1     0x00000000         0x00000400         xr
m_flash_config_region 0x00000400         0x00000010         xr
TEXT_region2     0x00000411         0x0007d3ee         xr
NVM_region       0x0007d800         0x00001fff         rw
DATA1_region     0x1fff8000         0x00008000         rw
DATA2_region     0x20000000         0x00018000         rw
PRODUCT_INFO_region 0x0007f800         0x000007ff         xr
*default*        0x00000000         0xffffffff

Linker script and memory map

LOAD c:/nxp/mcuxpressoide_11.8.0_1165/ide/plugins/com.nxp.mcuxpresso.tools.win32_11.8.0.202306131047/tools/bin/../lib/gcc/arm-none-eabi/12.2.1/thumb/v6-m/nofp/crti.o
LOAD c:/nxp/mcuxpressoide_11.8.0_1165/ide/plugins/com.nxp.mcuxpresso.tools.win32_11.8.0.202306131047/tools/bin/../lib/gcc/arm-none-eabi/12.2.1/thumb/v6-m/nofp/crtbegin.o
LOAD c:/nxp/mcuxpressoide_11.8.0_1165/ide/plugins/com.nxp.mcuxpresso.tools.win32_11.8.0.202306131047/tools/bin/../lib/gcc/arm-none-eabi/12.2.1/thumb/v6-m/nofp/crt0.o
LOAD ./utilities/fsl_debug_console.o
LOAD ./startup/startup_MKW41Z4.o
LOAD ./source/mtb.o
LOAD ./source/mwa_coordinator.o
LOAD ./source/semihost_hardfault.o
LOAD ./ieee_802.15.4/phy/source/MKW41Z/ASP.o
LOAD ./ieee_802.15.4/phy/source/MKW41Z/MPM.o
LOAD ./ieee_802.15.4/phy/source/MKW41Z/PhyISR.o
LOAD ./ieee_802.15.4/phy/source/MKW41Z/PhyPacketProcessor.o
LOAD ./ieee_802.15.4/phy/source/MKW41Z/PhyPlmeData.o
LOAD ./ieee_802.15.4/phy/source/MKW41Z/PhyStateMachine.o
LOAD ./ieee_802.15.4/phy/source/MKW41Z/PhyTime.o
LOAD ./ieee_802.15.4/mac/source/App/FsciAspCommands.o
LOAD ./ieee_802.15.4/mac/source/App/FsciMacCommands.o
LOAD ./ieee_802.15.4/mac/source/App/MacGlobals.o
LOAD ./freertos/croutine.o
LOAD ./freertos/event_groups.o
LOAD ./freertos/fsl_tickless_lptmr.o
LOAD ./freertos/fsl_tickless_systick.o
LOAD ./freertos/heap_4.o
LOAD ./freertos/list.o
LOAD ./freertos/port.o
LOAD ./freertos/queue.o
LOAD ./freertos/tasks.o
LOAD ./freertos/timers.o
LOAD ./framework/XCVR/MKW41Z4/cfgs_kw4x_3x_2x/fsl_xcvr_ant_config.o
LOAD ./framework/XCVR/MKW41Z4/cfgs_kw4x_3x_2x/fsl_xcvr_ble_config.o
LOAD ./framework/XCVR/MKW41Z4/cfgs_kw4x_3x_2x/fsl_xcvr_common_config.o
LOAD ./framework/XCVR/MKW41Z4/cfgs_kw4x_3x_2x/fsl_xcvr_gfsk_bt_0p3_h_0p5_config.o
LOAD ./framework/XCVR/MKW41Z4/cfgs_kw4x_3x_2x/fsl_xcvr_gfsk_bt_0p5_h_0p32_config.o
LOAD ./framework/XCVR/MKW41Z4/cfgs_kw4x_3x_2x/fsl_xcvr_gfsk_bt_0p5_h_0p5_config.o
LOAD ./framework/XCVR/MKW41Z4/cfgs_kw4x_3x_2x/fsl_xcvr_gfsk_bt_0p5_h_0p7_config.o
LOAD ./framework/XCVR/MKW41Z4/cfgs_kw4x_3x_2x/fsl_xcvr_gfsk_bt_0p5_h_1p0_config.o
LOAD ./framework/XCVR/MKW41Z4/cfgs_kw4x_3x_2x/fsl_xcvr_gfsk_bt_0p7_h_0p5_config.o
LOAD ./framework/XCVR/MKW41Z4/cfgs_kw4x_3x_2x/fsl_xcvr_mode_datarate_config.o
LOAD ./framework/XCVR/MKW41Z4/cfgs_kw4x_3x_2x/fsl_xcvr_msk_config.o
LOAD ./framework/XCVR/MKW41Z4/cfgs_kw4x_3x_2x/fsl_xcvr_zgbe_config.o
LOAD ./framework/XCVR/MKW41Z4/dbg_ram_capture.o
LOAD ./framework/XCVR/MKW41Z4/fsl_xcvr.o
LOAD ./framework/XCVR/MKW41Z4/fsl_xcvr_trim.o
LOAD ./framework/XCVR/MKW41Z4/ifr_radio.o
LOAD ./framework/TimersManager/Source/TMR_Adapter.o
LOAD ./framework/TimersManager/Source/TimersManager.o
LOAD ./framework/SerialManager/Source/UART_Adapter/UART_Adapter.o
LOAD ./framework/SerialManager/Source/SPI_Adapter/SPI_Adapter.o
LOAD ./framework/SerialManager/Source/I2C_Adapter/I2C_Adapter.o
LOAD ./framework/SerialManager/Source/SerialManager.o
LOAD ./framework/SecLib/SecLib.o
LOAD ./framework/Reset/Reset.o
LOAD ./framework/RNG/Source/RNG.o
LOAD ./framework/Panic/Source/Panic.o
LOAD ./framework/OSAbstraction/Source/fsl_os_abstraction_free_rtos.o
LOAD ./framework/ModuleInfo/ModuleInfo.o
LOAD ./framework/Messaging/Source/Messaging.o
LOAD ./framework/MemManager/Source/MemManager.o
LOAD ./framework/MWSCoexistence/Source/MWS.o
LOAD ./framework/Lists/GenericList.o
LOAD ./framework/LED/Source/LED.o
LOAD ./framework/Keyboard/Source/Keyboard.o
LOAD ./framework/GPIO/GPIO_Adapter.o
LOAD ./framework/FunctionLib/FunctionLib.o
LOAD ./framework/Flash/Internal/Flash_Adapter.o
LOAD ./framework/DCDC/Source/DCDC.o
LOAD ./drivers/fsl_adc16.o
LOAD ./drivers/fsl_clock.o
LOAD ./drivers/fsl_common.o
LOAD ./drivers/fsl_dspi.o
LOAD ./drivers/fsl_dspi_freertos.o
LOAD ./drivers/fsl_flash.o
LOAD ./drivers/fsl_gpio.o
LOAD ./drivers/fsl_i2c.o
LOAD ./drivers/fsl_i2c_freertos.o
LOAD ./drivers/fsl_llwu.o
LOAD ./drivers/fsl_lptmr.o
LOAD ./drivers/fsl_lpuart.o
LOAD ./drivers/fsl_lpuart_freertos.o
LOAD ./drivers/fsl_ltc.o
LOAD ./drivers/fsl_pmc.o
LOAD ./drivers/fsl_rtc.o
LOAD ./drivers/fsl_smc.o
LOAD ./drivers/fsl_tpm.o
LOAD ./drivers/fsl_trng.o
LOAD ./drivers/fsl_tsi_v4.o
LOAD ./board/board.o
LOAD ./board/clock_config.o
LOAD ./board/gpio_pins.o
LOAD ./board/pin_mux.o
LOAD ./CMSIS/system_MKW41Z4.o
LOAD c:/nxp/mcuxpressoide_11.8.0_1165/ide/plugins/com.nxp.mcuxpresso.tools.win32_11.8.0.202306131047/tools/bin/../lib/gcc/arm-none-eabi/12.2.1/thumb/v6-m/nofp\libm.a
LOAD c:/nxp/mcuxpressoide_11.8.0_1165/ide/plugins/com.nxp.mcuxpresso.tools.win32_11.8.0.202306131047/tools/bin/../lib/gcc/arm-none-eabi/12.2.1/thumb/v6-m/nofp\libc.a
LOAD c:/nxp/mcuxpressoide_11.8.0_1165/ide/plugins/com.nxp.mcuxpresso.tools.win32_11.8.0.202306131047/tools/bin/../lib/gcc/arm-none-eabi/12.2.1/thumb/v6-m/nofp\libgcc.a
LOAD c:/nxp/mcuxpressoide_11.8.0_1165/ide/plugins/com.nxp.mcuxpresso.tools.win32_11.8.0.202306131047/tools/bin/../lib/gcc/arm-none-eabi/12.2.1/thumb/v6-m/nofp\libnosys.a
LOAD C:\EmbebidosIII\clases\Practica1_Coord_wireless_examples_ieee_802_15_4_mwa_coordinator_freertos\libs\lib_crypto_m0.a
LOAD C:\EmbebidosIII\clases\Practica1_Coord_wireless_examples_ieee_802_15_4_mwa_coordinator_freertos\libs\lib802.15.4_mac_06_cm0.a
START GROUP
LOAD c:/nxp/mcuxpressoide_11.8.0_1165/ide/plugins/com.nxp.mcuxpresso.tools.win32_11.8.0.202306131047/tools/bin/../lib/gcc/arm-none-eabi/12.2.1/thumb/v6-m/nofp\libgcc.a
LOAD c:/nxp/mcuxpressoide_11.8.0_1165/ide/plugins/com.nxp.mcuxpresso.tools.win32_11.8.0.202306131047/tools/bin/../lib/gcc/arm-none-eabi/12.2.1/thumb/v6-m/nofp\libc.a
END GROUP
LOAD c:/nxp/mcuxpressoide_11.8.0_1165/ide/plugins/com.nxp.mcuxpresso.tools.win32_11.8.0.202306131047/tools/bin/../lib/gcc/arm-none-eabi/12.2.1/thumb/v6-m/nofp/crtend.o
LOAD c:/nxp/mcuxpressoide_11.8.0_1165/ide/plugins/com.nxp.mcuxpresso.tools.win32_11.8.0.202306131047/tools/bin/../lib/gcc/arm-none-eabi/12.2.1/thumb/v6-m/nofp/crtn.o
                0x00000001                gUseNVMLink_d = DEFINED (gUseNVMLink_d)?gUseNVMLink_d:0x1
                0x00000004                gNVMSectorCountLink_d = DEFINED (gNVMSectorCountLink_d)?gNVMSectorCountLink_d:0x4
                0x00000001                __ram_vector_table__ = DEFINED (__ram_vector_table__)?__ram_vector_table__:0x1
                0x00000000                __region_ROM_start__ = 0x0
                0x0007ffff                __region_ROM_end__ = 0x7ffff
                0x1fff8000                __region_RAM1_start__ = 0x1fff8000
                0x1fffffff                __region_RAM1_end__ = 0x1fffffff
                0x20000000                __region_RAM2_start__ = 0x20000000
                0x20017fff                __region_RAM2_end__ = 0x20017fff
                0x000000c0                __vector_table_size__ = 0xc0
                0x000000c0                __ram_vector_table_size__ = DEFINED (__ram_vector_table__)?__vector_table_size__:0x0
                0x1fff8000                _RAM_START_ = __region_RAM1_start__
                0x20017fff                _RAM_END_ = __region_RAM2_end__
                0x00000000                m_interrupts_start = __region_ROM_start__
                0x000000bf                m_interrupts_end = ((m_interrupts_start + __vector_table_size__) - 0x1)
                0x00000400                m_flash_config_start = 0x400
                0x00000410                m_flash_config_end = 0x410
                0x00000800                m_sector_size = 0x800
                0x00000200                __size_cstack__ = DEFINED (__stack_size__)?__stack_size__:0x200
                0x00000000                __size_heap__ = DEFINED (__heap_size__)?__heap_size__:0x0
                0x0007f800                m_fsl_prodInfo_start = ((__region_ROM_end__ - m_sector_size) + 0x1)
                0x0007ffff                m_fsl_prodInfo_end = __region_ROM_end__
                0x0007f800                FREESCALE_PROD_DATA_BASE_ADDR = m_fsl_prodInfo_start
                0x00000800                NV_STORAGE_SECTOR_SIZE = m_sector_size
                0x00000004                NV_STORAGE_MAX_SECTORS = gNVMSectorCountLink_d
                0x0007f7ff                NV_STORAGE_START_ADDRESS = (m_fsl_prodInfo_start - 0x1)
                0x0007d800                NV_STORAGE_END_ADDRESS = ((NV_STORAGE_START_ADDRESS - (NV_STORAGE_MAX_SECTORS * NV_STORAGE_SECTOR_SIZE)) + 0x1)
                0x00000800                NV_STORAGE_SECTOR_SIZE_C = m_sector_size
                0x00000004                NV_STORAGE_MAX_SECTORS_C = gNVMSectorCountLink_d
                0x0007f7ff                NV_STORAGE_START_ADDRESS_C = (m_fsl_prodInfo_start - 0x1)
                0x0007d800                NV_STORAGE_END_ADDRESS_C = ((NV_STORAGE_START_ADDRESS_C - (NV_STORAGE_MAX_SECTORS_C * NV_STORAGE_SECTOR_SIZE_C)) + 0x1)
                0x00000000                m_text_start = m_interrupts_start
                0x0007d7ff                m_text_end = (NV_STORAGE_END_ADDRESS_C - 0x1)
                0x20000000                m_interrupts_ram_start = __region_RAM2_start__
                0x200000bf                m_interrupts_ram_end = ((m_interrupts_ram_start + __ram_vector_table_size__) - 0x1)
                0x20017fff                __CSTACK_end__ = __region_RAM2_end__
                0x20017dff                __CSTACK_start__ = (__CSTACK_end__ - __size_cstack__)
                0x20017dfe                __HEAP_end__ = (__CSTACK_start__ - 0x1)
                0x20017dfa                __HEAP_start__ = ((__HEAP_end__ - __size_heap__) - 0x4)
                0x1fff8000                m_data1_start = __region_RAM1_start__
                0x1fffffff                m_data1_end = __region_RAM1_end__
                0x20000000                m_data2_start = m_interrupts_ram_start
                0x20017df9                m_data2_end = (__HEAP_start__ - 0x1)
                0x000000c0                __RAM_VECTOR_TABLE_SIZE = __ram_vector_table_size__
                0x20017dea                __BOOT_STACK_ADDRESS = (m_data2_end - 0xf)

.interrupts     0x00000000       0xc0
                0x00000000                __VECTOR_TABLE = .
                0x00000000                . = ALIGN (0x4)
 *(SORT_BY_ALIGNMENT(.isr_vector))
 .isr_vector    0x00000000       0xc0 ./startup/startup_MKW41Z4.o
                0x00000000                __isr_vector
                0x000000c0                . = ALIGN (0x4)

.freescale_prod_data
                0x0007f800        0x0
                0x0007f800                . = ALIGN (0x4)
 *(SORT_BY_ALIGNMENT(.FREESCALE_PROD_DATA))
                0x0007f800                . = ALIGN (0x4)

.flash_config   0x00000400       0x10
                0x00000400                . = ALIGN (0x4)
 *(SORT_BY_ALIGNMENT(.FlashConfig))
 .FlashConfig   0x00000400       0x10 ./startup/startup_MKW41Z4.o
                0x00000410                . = ALIGN (0x4)

.text           0x00000420    0x1ac98
                0x00000420                . = ALIGN (0x4)
 *(SORT_BY_ALIGNMENT(.text))
 .text          0x00000420       0x80 c:/nxp/mcuxpressoide_11.8.0_1165/ide/plugins/com.nxp.mcuxpresso.tools.win32_11.8.0.202306131047/tools/bin/../lib/gcc/arm-none-eabi/12.2.1/thumb/v6-m/nofp/crt0.o
                0x00000420                _stack_init
                0x0000042c                _start
                0x0000042c                _mainCRTStartup
 .text          0x000004a0       0xc0 ./startup/startup_MKW41Z4.o
                0x000004a0                Reset_Handler
                0x000004e8                Radio_0_IRQHandler
                0x000004e8                DMA0_DriverIRQHandler
                0x000004e8                CMP0_IRQHandler
                0x000004e8                DMA2_DriverIRQHandler
                0x000004e8                TPM0_IRQHandler
                0x000004e8                Radio_1_IRQHandler
                0x000004e8                LLWU_IRQHandler
                0x000004e8                TSI0_IRQHandler
                0x000004e8                ADC0_IRQHandler
                0x000004e8                CMT_IRQHandler
                0x000004e8                LPTMR0_IRQHandler
                0x000004e8                DefaultISR
                0x000004e8                PORTB_PORTC_IRQHandler
                0x000004e8                TPM2_IRQHandler
                0x000004e8                RTC_IRQHandler
                0x000004e8                LVD_LVW_DCDC_IRQHandler
                0x000004e8                DMA3_DriverIRQHandler
                0x000004e8                RTC_Seconds_IRQHandler
                0x000004e8                MCG_IRQHandler
                0x000004e8                TRNG0_IRQHandler
                0x000004e8                Reserved20_IRQHandler
                0x000004e8                LTC0_IRQHandler
                0x000004e8                PIT_IRQHandler
                0x000004e8                DMA1_DriverIRQHandler
                0x000004e8                FTFA_IRQHandler
                0x000004e8                PORTA_IRQHandler
                0x000004e8                TPM1_IRQHandler
                0x000004e8                DAC0_IRQHandler
                0x00000500                DMA0_IRQHandler
                0x00000504                DMA1_IRQHandler
                0x00000508                DMA2_IRQHandler
                0x0000050c                DMA3_IRQHandler
                0x00000510                I2C0_IRQHandler
                0x00000514                I2C1_IRQHandler
                0x00000518                SPI0_IRQHandler
                0x0000051c                LPUART0_IRQHandler
                0x00000520                SPI1_IRQHandler
 .text          0x00000560      0x114 c:/nxp/mcuxpressoide_11.8.0_1165/ide/plugins/com.nxp.mcuxpresso.tools.win32_11.8.0.202306131047/tools/bin/../lib/gcc/arm-none-eabi/12.2.1/thumb/v6-m/nofp\libgcc.a(_udivsi3.o)
                0x00000560                __aeabi_uidiv
                0x00000560                __udivsi3
                0x0000066c                __aeabi_uidivmod
 .text          0x00000674      0x1d4 c:/nxp/mcuxpressoide_11.8.0_1165/ide/plugins/com.nxp.mcuxpresso.tools.win32_11.8.0.202306131047/tools/bin/../lib/gcc/arm-none-eabi/12.2.1/thumb/v6-m/nofp\libgcc.a(_divsi3.o)
                0x00000674                __divsi3
                0x00000674                __aeabi_idiv
                0x00000840                __aeabi_idivmod
 .text          0x00000848        0x4 c:/nxp/mcuxpressoide_11.8.0_1165/ide/plugins/com.nxp.mcuxpresso.tools.win32_11.8.0.202306131047/tools/bin/../lib/gcc/arm-none-eabi/12.2.1/thumb/v6-m/nofp\libgcc.a(_dvmd_tls.o)
                0x00000848                __aeabi_idiv0
                0x00000848                __aeabi_ldiv0
 .text          0x0000084c       0x74 c:/nxp/mcuxpressoide_11.8.0_1165/ide/plugins/com.nxp.mcuxpresso.tools.win32_11.8.0.202306131047/tools/bin/../lib/gcc/arm-none-eabi/12.2.1/thumb/v6-m/nofp\libgcc.a(_arm_cmpsf2.o)
                0x0000084c                __aeabi_cfrcmple
                0x00000854                __aeabi_cfcmpeq
                0x00000854                __aeabi_cfcmple
                0x00000864                __aeabi_fcmpeq
                0x00000870                __aeabi_fcmplt
                0x00000884                __aeabi_fcmple
                0x00000898                __aeabi_fcmpgt
                0x000008ac                __aeabi_fcmpge
 .text          0x000008c0       0x40 c:/nxp/mcuxpressoide_11.8.0_1165/ide/plugins/com.nxp.mcuxpresso.tools.win32_11.8.0.202306131047/tools/bin/../lib/gcc/arm-none-eabi/12.2.1/thumb/v6-m/nofp\libgcc.a(_aeabi_uldivmod.o)
                0x000008c0                __aeabi_uldivmod
 .text          0x00000900       0x3c c:/nxp/mcuxpressoide_11.8.0_1165/ide/plugins/com.nxp.mcuxpresso.tools.win32_11.8.0.202306131047/tools/bin/../lib/gcc/arm-none-eabi/12.2.1/thumb/v6-m/nofp\libgcc.a(_clzsi2.o)
                0x00000900                __clzsi2
 .text          0x0000093c       0x18 c:/nxp/mcuxpressoide_11.8.0_1165/ide/plugins/com.nxp.mcuxpresso.tools.win32_11.8.0.202306131047/tools/bin/../lib/gcc/arm-none-eabi/12.2.1/thumb/v6-m/nofp\libgcc.a(_clzdi2.o)
                0x0000093c                __clzdi2
 .text          0x00000954       0x38 C:\EmbebidosIII\clases\Practica1_Coord_wireless_examples_ieee_802_15_4_mwa_coordinator_freertos\libs\lib_crypto_m0.a(SW_RNG.o)
                0x00000954                SecLib_set_rng_seed
                0x00000964                SecLib_get_random
 .text          0x0000098c      0x530 C:\EmbebidosIII\clases\Practica1_Coord_wireless_examples_ieee_802_15_4_mwa_coordinator_freertos\libs\lib802.15.4_mac_06_cm0.a(MacMain.o)
                0x0000098c                BindToMAC
                0x000009b8                UnBindFromMAC
                0x000009d4                MAC_EventSet
                0x000009fe                Mac_Task
                0x00000af0                Mac_InitializeData
                0x00000b94                Mac_RegisterSapHandlers
                0x00000ba6                PD_MAC_SapHandler
                0x00000bc8                PLME_MAC_SapHandler
                0x00000bd0                NWK_MCPS_SapHandler
                0x00000c2c                NWK_MLME_SapHandler
                0x00000cd4                Mlme_VerifyNwkInput
                0x00000de0                Mac_GetState
                0x00000e48                Dumy_MCPS_NWK_SapHandler
                0x00000e4c                Dumy_MLME_NWK_SapHandler
                0x00000e56                Mac_SetTrxLowPowerMode
                0x00000e8a                Mac_SetTrxActiveMode
 .text          0x00000ebc      0xc88 C:\EmbebidosIII\clases\Practica1_Coord_wireless_examples_ieee_802_15_4_mwa_coordinator_freertos\libs\lib802.15.4_mac_06_cm0.a(MacPib.o)
                0x00000ebc                macInitPIBs
                0x000011c8                macVerifySetReq
                0x000012cc                mlmeGetSetReq
                0x00001854                mlmeGetSizeOfPIB
                0x000019a2                Mac_SetPhyPIBs
                0x00001ad2                Mac_SetExtendedAddress
                0x00001b00                Mac_GetExtendedAddress
 .text          0x00001b44      0x5a0 C:\EmbebidosIII\clases\Practica1_Coord_wireless_examples_ieee_802_15_4_mwa_coordinator_freertos\libs\lib802.15.4_mac_06_cm0.a(MacStateMachine.o)
                0x00001b44                Mac_TransactionExpire
                0x00001b50                Mac_PhyMsgHandler
                0x00001c10                Mac_NwkMsgHandler
                0x00001e44                Mac_McpsDataReqHandle
 .text          0x000020e4      0x290 C:\EmbebidosIII\clases\Practica1_Coord_wireless_examples_ieee_802_15_4_mwa_coordinator_freertos\libs\lib802.15.4_mac_06_cm0.a(Poll.o)
                0x000020e4                Poll_VerifyParameters
                0x00002122                Poll_InitSeq
                0x0000218a                Poll_SendStatus
                0x000021c4                Poll_DataRx
                0x00002280                Poll_SendConfirm
                0x00002318                Poll_Timeout
 .text          0x00002374       0xdc C:\EmbebidosIII\clases\Practica1_Coord_wireless_examples_ieee_802_15_4_mwa_coordinator_freertos\libs\lib802.15.4_mac_06_cm0.a(RxEnable.o)
                0x00002374                RxEnable_InitSeq
                0x000023ce                RxEnable_SetRx
                0x0000240e                RxEnable_Deactivate
 .text          0x00002450      0x670 C:\EmbebidosIII\clases\Practica1_Coord_wireless_examples_ieee_802_15_4_mwa_coordinator_freertos\libs\lib802.15.4_mac_06_cm0.a(Scan.o)
                0x00002450                Mac_ScanMsgHandler
                0x000024de                Scan_StartFastEDScan
                0x00002510                Scan_StartEDScan
                0x00002588                Scan_StartActivePassiveScan
                0x000025e2                Scan_StartOrphanScan
                0x00002612                Scan_Advance
                0x00002634                Scan_StartTimer
                0x00002660                Scan_FastEdAcquire
                0x000026b6                Scan_EdAcquire
                0x0000270a                Scan_ActivePassiveAcquire
                0x00002848                Scan_OrphanAcquire
 .text          0x00002ac0      0x1b6 C:\EmbebidosIII\clases\Practica1_Coord_wireless_examples_ieee_802_15_4_mwa_coordinator_freertos\libs\lib802.15.4_mac_06_cm0.a(Start.o)
                0x00002ac0                Start_VerifyParameters
                0x00002b80                Start_InitSeq
                0x00002bc6                Start_SetPIBs
                0x00002c26                CoordRealignment_SendStatus
                0x00002c4e                Start_SeqTerminate
 *fill*         0x00002c76        0x2 
 .text          0x00002c78      0x3c6 C:\EmbebidosIII\clases\Practica1_Coord_wireless_examples_ieee_802_15_4_mwa_coordinator_freertos\libs\lib802.15.4_mac_06_cm0.a(Association.o)
                0x00002c78                Association_VerifyParameters
                0x00002cc8                Association_InitSeq
                0x00002d2c                Association_TriggerPoll
                0x00002d66                AssociationPoll_SendStatus
                0x00002e00                AssociationPoll_DataRx
                0x00002f00                AssociationReq_SendStatus
                0x00002fbc                AssociationRes_VerifyParameters
                0x00002ff0                AssociationRes_SendStatus
 *fill*         0x0000303e        0x2 
 .text          0x00003040      0x710 C:\EmbebidosIII\clases\Practica1_Coord_wireless_examples_ieee_802_15_4_mwa_coordinator_freertos\libs\lib802.15.4_mac_06_cm0.a(DataRx.o)
                0x00003040                Mac_PreProcessDataIndication
                0x000030cc                Mac_ProcessDataIndication
                0x000032ec                Mac_ProcessBeaconFrame
                0x000034a0                Mac_CreateMcpsDataInd
                0x00003552                Mac_CreateMlmeCommStatusInd
                0x000035f4                Mac_CreateMlmeSyncLossInd
                0x0000364e                Mac_IsPanIdConflict
                0x000036ac                Mac_IsMyCoordinator
                0x000036fe                Mac_PostponeActiveSeq
 .text          0x00003750      0x5d8 C:\EmbebidosIII\clases\Practica1_Coord_wireless_examples_ieee_802_15_4_mwa_coordinator_freertos\libs\lib802.15.4_mac_06_cm0.a(DataTx.o)
                0x00003750                DataTx_VerifyParameters
                0x000037c6                DataTx_InitSeq
                0x000039b4                DataTx_SendData
                0x000039e8                DataTx_SendDataConfirm
                0x00003a82                DataTx_SendEmptyFrame
                0x00003abc                DataTx_SendStatus
                0x00003be8                DataTx_CheckForExpirePackets
                0x00003c74                Mac_GetRandomBackoff
                0x00003c94                DataTx_CsmaCaRetry
                0x00003cbc                DataTx_Backoff
                0x00003cce                DataTx_SendDataWithBackoff
                0x00003d1c                Mac_InitCsmaCaVariables
 .text          0x00003d28      0x10c C:\EmbebidosIII\clases\Practica1_Coord_wireless_examples_ieee_802_15_4_mwa_coordinator_freertos\libs\lib802.15.4_mac_06_cm0.a(Disassociation.o)
                0x00003d28                Disassociation_VerifyParameters
                0x00003db2                Disassociation_InitSeq
                0x00003df4                Disassociation_SendStatus
 .text          0x00003e34      0xca4 C:\EmbebidosIII\clases\Practica1_Coord_wireless_examples_ieee_802_15_4_mwa_coordinator_freertos\libs\lib802.15.4_mac_06_cm0.a(MacFrames.o)
                0x00003e34                FrameBuild_AssociationRequest
                0x00003e9c                FrameBuild_AssociationResponse
                0x00003f1c                FrameBuild_DisassociationNotification
                0x00003f8c                FrameBuild_DataRequest
                0x00004042                FrameBuild_PanIdConflictNotification
                0x00004074                FrameBuild_OrphanNotification
                0x000040a6                FrameBuild_BeaconRequest
                0x000040e4                FrameBuild_CoordinatorRealignment
                0x00004210                FrameBuild_Beacon
                0x000043d0                FrameBuild_Data
                0x00004658                FrameBuild_ZeroLengthPayload
                0x00004720                Mac_GetMacHeader
                0x00004804                Mac_GetMaxMsduLength
                0x00004834                Mac_GetOverheadSize
                0x00004880                FrameBuild_Command
                0x00004ad4                addrModeFieldLengthTable
 .text          0x00004ad8       0x4c C:\EmbebidosIII\clases\Practica1_Coord_wireless_examples_ieee_802_15_4_mwa_coordinator_freertos\libs\lib802.15.4_mac_06_cm0.a(MacMem.o)
                0x00004ad8                Mac_MemAllocZero
                0x00004af8                FrameAlloc
 .text          0x00004b24      0xa28 C:\EmbebidosIII\clases\Practica1_Coord_wireless_examples_ieee_802_15_4_mwa_coordinator_freertos\libs\lib802.15.4_mac_06_cm0.a(MacSec.o)
                0x00004b5c                Sec_DetermineASHLength
                0x00004b8c                keyIdModeToAshLengthTable
                0x00004cf2                Sec_CheckBeaconSecurityParameters
                0x00004db0                Sec_SecureTxFrame
                0x00004f68                Sec_CreateAuxSecHeader
                0x00004ff0                Sec_CheckRxSecLevel
                0x00004ff8                Sec_UnsecureRxFrame
 .text          0x0000554c       0xce C:\EmbebidosIII\clases\Practica1_Coord_wireless_examples_ieee_802_15_4_mwa_coordinator_freertos\libs\lib802.15.4_mac_06_cm0.a(Orphan.o)
                0x0000554c                Orphan_VerifyParameters
                0x00005584                Orphan_InitSeq
                0x000055c6                Orphan_SendStatus
 .text          0x0000561a      0x11c C:\EmbebidosIII\clases\Practica1_Coord_wireless_examples_ieee_802_15_4_mwa_coordinator_freertos\libs\lib802.15.4_mac_06_cm0.a(Reset.o)
                0x0000561a                mlmeResetReq
 .text          0x00005736       0xfa C:\EmbebidosIII\clases\Practica1_Coord_wireless_examples_ieee_802_15_4_mwa_coordinator_freertos\libs\lib802.15.4_mac_06_cm0.a(MacSequenceMngr.o)
                0x00005736                getFirstSequenceByChecksum
                0x00005750                getLastSequenceByChecksum
                0x00005770                getSequenceByDestination
                0x0000579a                getSequenceByMsduHandle
                0x000057ba                createNewSeq
                0x000057d0                getChecksum
                0x000057fc                getFreeIndex
 .text          0x00005830       0x68 C:\EmbebidosIII\clases\Practica1_Coord_wireless_examples_ieee_802_15_4_mwa_coordinator_freertos\libs\lib802.15.4_mac_06_cm0.a(SecurityLib.o)
                0x00005830                AES_128_CCM_Star
 *(SORT_BY_ALIGNMENT(.text*))
 *fill*         0x00005898        0x8 
 .text.vPortStartFirstTask
                0x000058a0       0x38 ./freertos/port.o
 *fill*         0x000058d8        0x8 
 .text.PendSV_Handler
                0x000058e0       0x48 ./freertos/port.o
                0x000058e0                PendSV_Handler
 .text.deregister_tm_clones
                0x00005928       0x20 c:/nxp/mcuxpressoide_11.8.0_1165/ide/plugins/com.nxp.mcuxpresso.tools.win32_11.8.0.202306131047/tools/bin/../lib/gcc/arm-none-eabi/12.2.1/thumb/v6-m/nofp/crtbegin.o
 .text.register_tm_clones
                0x00005948       0x28 c:/nxp/mcuxpressoide_11.8.0_1165/ide/plugins/com.nxp.mcuxpresso.tools.win32_11.8.0.202306131047/tools/bin/../lib/gcc/arm-none-eabi/12.2.1/thumb/v6-m/nofp/crtbegin.o
 .text.__do_global_dtors_aux
                0x00005970       0x2c c:/nxp/mcuxpressoide_11.8.0_1165/ide/plugins/com.nxp.mcuxpresso.tools.win32_11.8.0.202306131047/tools/bin/../lib/gcc/arm-none-eabi/12.2.1/thumb/v6-m/nofp/crtbegin.o
 .text.frame_dummy
                0x0000599c       0x24 c:/nxp/mcuxpressoide_11.8.0_1165/ide/plugins/com.nxp.mcuxpresso.tools.win32_11.8.0.202306131047/tools/bin/../lib/gcc/arm-none-eabi/12.2.1/thumb/v6-m/nofp/crtbegin.o
 .text.DbgConsole_Printf
                0x000059c0       0x44 ./utilities/fsl_debug_console.o
                0x000059c0                DbgConsole_Printf
 .text.DbgConsole_Putchar
                0x00005a04       0x34 ./utilities/fsl_debug_console.o
                0x00005a04                DbgConsole_Putchar
 .text.main_task
                0x00005a38       0x78 ./source/mwa_coordinator.o
                0x00005a38                main_task
 .text.App_init
                0x00005ab0       0xb8 ./source/mwa_coordinator.o
                0x00005ab0                App_init
 .text.AppThread
                0x00005b68      0x308 ./source/mwa_coordinator.o
                0x00005b68                AppThread
 .text.Led_State
                0x00005e70       0x8c ./source/mwa_coordinator.o
                0x00005e70                Led_State
 .text.UartRxCallBack
                0x00005efc       0x64 ./source/mwa_coordinator.o
 .text.App_StartScan
                0x00005f60       0xc8 ./source/mwa_coordinator.o
 .text.App_HandleScanEdConfirm
                0x00006028       0xc8 ./source/mwa_coordinator.o
 .text.App_StartCoordinator
                0x000060f0      0x160 ./source/mwa_coordinator.o
 .text.App_SendAssociateResponse
                0x00006250      0x2bc ./source/mwa_coordinator.o
 .text.App_HandleMlmeInput
                0x0000650c       0x6c ./source/mwa_coordinator.o
 .text.App_HandleMcpsInput
                0x00006578      0x134 ./source/mwa_coordinator.o
 .text.App_TransmitUartData
                0x000066ac      0x1a4 ./source/mwa_coordinator.o
 .text.App_HandleKeys
                0x00006850       0x40 ./source/mwa_coordinator.o
 .text.MLME_NWK_SapHandler
                0x00006890       0x34 ./source/mwa_coordinator.o
                0x00006890                MLME_NWK_SapHandler
 .text.MCPS_NWK_SapHandler
                0x000068c4       0x34 ./source/mwa_coordinator.o
                0x000068c4                MCPS_NWK_SapHandler
 .text.HardFault_Handler
                0x000068f8       0x38 ./source/semihost_hardfault.o
                0x000068f8                HardFault_Handler
 .text.NVIC_EnableIRQ
                0x00006930       0x2c ./ieee_802.15.4/phy/source/MKW41Z/PhyISR.o
 .text.NVIC_SetPendingIRQ
                0x0000695c       0x30 ./ieee_802.15.4/phy/source/MKW41Z/PhyISR.o
 .text.NVIC_ClearPendingIRQ
                0x0000698c       0x30 ./ieee_802.15.4/phy/source/MKW41Z/PhyISR.o
 .text.NVIC_SetPriority
                0x000069bc       0xdc ./ieee_802.15.4/phy/source/MKW41Z/PhyISR.o
 .text.ProtectFromXcvrInterrupt
                0x00006a98       0x3c ./ieee_802.15.4/phy/source/MKW41Z/PhyISR.o
                0x00006a98                ProtectFromXcvrInterrupt
 .text.UnprotectFromXcvrInterrupt
                0x00006ad4       0x44 ./ieee_802.15.4/phy/source/MKW41Z/PhyISR.o
                0x00006ad4                UnprotectFromXcvrInterrupt
 .text.PhyIsrPassRxParams
                0x00006b18       0x1c ./ieee_802.15.4/phy/source/MKW41Z/PhyISR.o
                0x00006b18                PhyIsrPassRxParams
 .text.PhyIsrSeqCleanup
                0x00006b34       0x5c ./ieee_802.15.4/phy/source/MKW41Z/PhyISR.o
 .text.PhyIsrTimeoutCleanup
                0x00006b90       0x60 ./ieee_802.15.4/phy/source/MKW41Z/PhyISR.o
 .text.Phy_GetEnergyLevel
                0x00006bf0       0x58 ./ieee_802.15.4/phy/source/MKW41Z/PhyISR.o
                0x00006bf0                Phy_GetEnergyLevel
 .text.PHY_InterruptHandler
                0x00006c48      0x368 ./ieee_802.15.4/phy/source/MKW41Z/PhyISR.o
                0x00006c48                PHY_InterruptHandler
 .text.PHY_InstallIsr
                0x00006fb0       0x30 ./ieee_802.15.4/phy/source/MKW41Z/PhyISR.o
                0x00006fb0                PHY_InstallIsr
 .text.Phy_GetRxParams
                0x00006fe0       0x74 ./ieee_802.15.4/phy/source/MKW41Z/PhyISR.o
 .text.PhyHwInit
                0x00007054      0x13c ./ieee_802.15.4/phy/source/MKW41Z/PhyPacketProcessor.o
                0x00007054                PhyHwInit
 .text.PhyAbort
                0x00007190       0xb4 ./ieee_802.15.4/phy/source/MKW41Z/PhyPacketProcessor.o
                0x00007190                PhyAbort
 .text.PhyPpGetState
                0x00007244       0x1c ./ieee_802.15.4/phy/source/MKW41Z/PhyPacketProcessor.o
                0x00007244                PhyPpGetState
 .text.PhyPpSetPanId
                0x00007260       0x70 ./ieee_802.15.4/phy/source/MKW41Z/PhyPacketProcessor.o
                0x00007260                PhyPpSetPanId
 .text.PhyPpSetShortAddr
                0x000072d0       0x70 ./ieee_802.15.4/phy/source/MKW41Z/PhyPacketProcessor.o
                0x000072d0                PhyPpSetShortAddr
 .text.PhyPpSetLongAddr
                0x00007340       0x60 ./ieee_802.15.4/phy/source/MKW41Z/PhyPacketProcessor.o
                0x00007340                PhyPpSetLongAddr
 .text.PhyPpSetMacRole
                0x000073a0       0x90 ./ieee_802.15.4/phy/source/MKW41Z/PhyPacketProcessor.o
                0x000073a0                PhyPpSetMacRole
 .text.PhyPpSetPromiscuous
                0x00007430       0x5c ./ieee_802.15.4/phy/source/MKW41Z/PhyPacketProcessor.o
                0x00007430                PhyPpSetPromiscuous
 .text.PhyPp_IndirectQueueInsert
                0x0000748c       0x6c ./ieee_802.15.4/phy/source/MKW41Z/PhyPacketProcessor.o
                0x0000748c                PhyPp_IndirectQueueInsert
 .text.PhyPp_RemoveFromIndirect
                0x000074f8       0x60 ./ieee_802.15.4/phy/source/MKW41Z/PhyPacketProcessor.o
                0x000074f8                PhyPp_RemoveFromIndirect
 .text.PhyPpIsTxAckDataPending
                0x00007558       0x4c ./ieee_802.15.4/phy/source/MKW41Z/PhyPacketProcessor.o
                0x00007558                PhyPpIsTxAckDataPending
 .text.PhyPlmeSetPwrState
                0x000075a4      0x128 ./ieee_802.15.4/phy/source/MKW41Z/PhyPacketProcessor.o
                0x000075a4                PhyPlmeSetPwrState
 .text.PhyPdDataRequest
                0x000076cc      0x1b0 ./ieee_802.15.4/phy/source/MKW41Z/PhyPlmeData.o
                0x000076cc                PhyPdDataRequest
 .text.PhyPlmeRxRequest
                0x0000787c      0x16c ./ieee_802.15.4/phy/source/MKW41Z/PhyPlmeData.o
                0x0000787c                PhyPlmeRxRequest
 .text.PhyPlmeCcaEdRequest
                0x000079e8      0x11c ./ieee_802.15.4/phy/source/MKW41Z/PhyPlmeData.o
                0x000079e8                PhyPlmeCcaEdRequest
 .text.PhyPlmeSetCurrentChannelRequest
                0x00007b04       0x8c ./ieee_802.15.4/phy/source/MKW41Z/PhyPlmeData.o
                0x00007b04                PhyPlmeSetCurrentChannelRequest
 .text.PhyPlmeGetCurrentChannelRequest
                0x00007b90       0x3c ./ieee_802.15.4/phy/source/MKW41Z/PhyPlmeData.o
                0x00007b90                PhyPlmeGetCurrentChannelRequest
 .text.PhyPlmeSetPwrLevelRequest
                0x00007bcc       0x7c ./ieee_802.15.4/phy/source/MKW41Z/PhyPlmeData.o
                0x00007bcc                PhyPlmeSetPwrLevelRequest
 .text.PhyPlmeGetPwrLevelRequest
                0x00007c48       0x34 ./ieee_802.15.4/phy/source/MKW41Z/PhyPlmeData.o
                0x00007c48                PhyPlmeGetPwrLevelRequest
 .text.PhyPlmeSetPIBRequest
                0x00007c7c      0x1d0 ./ieee_802.15.4/phy/source/MKW41Z/PhyPlmeData.o
                0x00007c7c                PhyPlmeSetPIBRequest
 .text.PhyPlmeGetPIBRequest
                0x00007e4c      0x3c0 ./ieee_802.15.4/phy/source/MKW41Z/PhyPlmeData.o
                0x00007e4c                PhyPlmeGetPIBRequest
 .text.PhyRxRetry
                0x0000820c       0x74 ./ieee_802.15.4/phy/source/MKW41Z/PhyPlmeData.o
 .text.Phy_Init
                0x00008280       0x40 ./ieee_802.15.4/phy/source/MKW41Z/PhyStateMachine.o
                0x00008280                Phy_Init
 .text.Phy_RegisterSapHandlers
                0x000082c0       0x24 ./ieee_802.15.4/phy/source/MKW41Z/PhyStateMachine.o
                0x000082c0                Phy_RegisterSapHandlers
 .text.Phy24Task
                0x000082e4      0x25c ./ieee_802.15.4/phy/source/MKW41Z/PhyStateMachine.o
 .text.MAC_PD_SapHandler
                0x00008540       0xb0 ./ieee_802.15.4/phy/source/MKW41Z/PhyStateMachine.o
                0x00008540                MAC_PD_SapHandler
 .text.MAC_PLME_SapHandler
                0x000085f0      0x194 ./ieee_802.15.4/phy/source/MKW41Z/PhyStateMachine.o
                0x000085f0                MAC_PLME_SapHandler
 .text.Phy_HandlePdDataReq
                0x00008784      0x188 ./ieee_802.15.4/phy/source/MKW41Z/PhyStateMachine.o
 .text.Phy_EnterIdle
                0x0000890c       0x88 ./ieee_802.15.4/phy/source/MKW41Z/PhyStateMachine.o
 .text.PhyPlmeSetFrameWaitTime
                0x00008994       0x1c ./ieee_802.15.4/phy/source/MKW41Z/PhyStateMachine.o
                0x00008994                PhyPlmeSetFrameWaitTime
 .text.PhyPlmeSetRxOnWhenIdle
                0x000089b0       0x88 ./ieee_802.15.4/phy/source/MKW41Z/PhyStateMachine.o
                0x000089b0                PhyPlmeSetRxOnWhenIdle
 .text.PhyIsIdleRx
                0x00008a38       0x4c ./ieee_802.15.4/phy/source/MKW41Z/PhyStateMachine.o
                0x00008a38                PhyIsIdleRx
 .text.Radio_Phy_PdDataConfirm
                0x00008a84       0x94 ./ieee_802.15.4/phy/source/MKW41Z/PhyStateMachine.o
                0x00008a84                Radio_Phy_PdDataConfirm
 .text.Radio_Phy_PdDataIndication
                0x00008b18       0x24 ./ieee_802.15.4/phy/source/MKW41Z/PhyStateMachine.o
                0x00008b18                Radio_Phy_PdDataIndication
 .text.Radio_Phy_PlmeCcaConfirm
                0x00008b3c       0x34 ./ieee_802.15.4/phy/source/MKW41Z/PhyStateMachine.o
                0x00008b3c                Radio_Phy_PlmeCcaConfirm
 .text.Radio_Phy_PlmeEdConfirm
                0x00008b70       0x34 ./ieee_802.15.4/phy/source/MKW41Z/PhyStateMachine.o
                0x00008b70                Radio_Phy_PlmeEdConfirm
 .text.Radio_Phy_TimeRxTimeoutIndication
                0x00008ba4       0x30 ./ieee_802.15.4/phy/source/MKW41Z/PhyStateMachine.o
                0x00008ba4                Radio_Phy_TimeRxTimeoutIndication
 .text.Radio_Phy_PlmeRxWatermark
                0x00008bd4       0xb8 ./ieee_802.15.4/phy/source/MKW41Z/PhyStateMachine.o
                0x00008bd4                Radio_Phy_PlmeRxWatermark
 .text.Radio_Phy_PlmeFilterFailRx
                0x00008c8c       0x54 ./ieee_802.15.4/phy/source/MKW41Z/PhyStateMachine.o
                0x00008c8c                Radio_Phy_PlmeFilterFailRx
 .text.PLME_SendMessage
                0x00008ce0       0xd4 ./ieee_802.15.4/phy/source/MKW41Z/PhyStateMachine.o
 .text.PD_SendMessage
                0x00008db4      0x268 ./ieee_802.15.4/phy/source/MKW41Z/PhyStateMachine.o
 .text.Phy_SendLatePLME
                0x0000901c       0x24 ./ieee_802.15.4/phy/source/MKW41Z/PhyStateMachine.o
 .text.Phy_SendLatePD
                0x00009040       0x24 ./ieee_802.15.4/phy/source/MKW41Z/PhyStateMachine.o
 .text.Radio_Phy_Notify
                0x00009064       0x18 ./ieee_802.15.4/phy/source/MKW41Z/PhyStateMachine.o
                0x00009064                Radio_Phy_Notify
 .text.PhyTimeSetEventTrigger
                0x0000907c       0x68 ./ieee_802.15.4/phy/source/MKW41Z/PhyTime.o
                0x0000907c                PhyTimeSetEventTrigger
 .text.PhyTimeDisableEventTrigger
                0x000090e4       0x5c ./ieee_802.15.4/phy/source/MKW41Z/PhyTime.o
                0x000090e4                PhyTimeDisableEventTrigger
 .text.PhyTimeSetEventTimeout
                0x00009140       0x74 ./ieee_802.15.4/phy/source/MKW41Z/PhyTime.o
                0x00009140                PhyTimeSetEventTimeout
 .text.PhyTimeGetEventTimeout
                0x000091b4       0x20 ./ieee_802.15.4/phy/source/MKW41Z/PhyTime.o
                0x000091b4                PhyTimeGetEventTimeout
 .text.PhyTimeDisableEventTimeout
                0x000091d4       0x60 ./ieee_802.15.4/phy/source/MKW41Z/PhyTime.o
                0x000091d4                PhyTimeDisableEventTimeout
 .text.PhyTimeReadClock
                0x00009234       0x28 ./ieee_802.15.4/phy/source/MKW41Z/PhyTime.o
                0x00009234                PhyTimeReadClock
 .text.PhyTimeSetWaitTimeout
                0x0000925c       0x6c ./ieee_802.15.4/phy/source/MKW41Z/PhyTime.o
                0x0000925c                PhyTimeSetWaitTimeout
 .text.PhyTimeDisableWaitTimeout
                0x000092c8       0x50 ./ieee_802.15.4/phy/source/MKW41Z/PhyTime.o
                0x000092c8                PhyTimeDisableWaitTimeout
 .text.PhyTime_ISR
                0x00009318       0x54 ./ieee_802.15.4/phy/source/MKW41Z/PhyTime.o
                0x00009318                PhyTime_ISR
 .text.PhyTime_TimerInit
                0x0000936c       0x90 ./ieee_802.15.4/phy/source/MKW41Z/PhyTime.o
                0x0000936c                PhyTime_TimerInit
 .text.PhyTime_GetTimestamp
                0x000093fc       0x80 ./ieee_802.15.4/phy/source/MKW41Z/PhyTime.o
                0x000093fc                PhyTime_GetTimestamp
 .text.PhyTime_ScheduleEvent
                0x0000947c       0xe8 ./ieee_802.15.4/phy/source/MKW41Z/PhyTime.o
                0x0000947c                PhyTime_ScheduleEvent
 .text.PhyTime_CancelEvent
                0x00009564       0xa4 ./ieee_802.15.4/phy/source/MKW41Z/PhyTime.o
                0x00009564                PhyTime_CancelEvent
 .text.PhyTime_CancelEventsWithParam
                0x00009608       0xac ./ieee_802.15.4/phy/source/MKW41Z/PhyTime.o
                0x00009608                PhyTime_CancelEventsWithParam
 .text.PhyTime_RunCallback
                0x000096b4       0x70 ./ieee_802.15.4/phy/source/MKW41Z/PhyTime.o
                0x000096b4                PhyTime_RunCallback
 .text.PhyTime_Maintenance
                0x00009724       0xa8 ./ieee_802.15.4/phy/source/MKW41Z/PhyTime.o
                0x00009724                PhyTime_Maintenance
 .text.PhyTime_OverflowCB
                0x000097cc       0x50 ./ieee_802.15.4/phy/source/MKW41Z/PhyTime.o
 .text.PhyTime_GetNextEvent
                0x0000981c       0x74 ./ieee_802.15.4/phy/source/MKW41Z/PhyTime.o
 .text.MAC_Init
                0x00009890       0x68 ./ieee_802.15.4/mac/source/App/MacGlobals.o
                0x00009890                MAC_Init
 .text.xEventGroupSetBitsFromISR
                0x000098f8       0x2c ./freertos/event_groups.o
                0x000098f8                xEventGroupSetBitsFromISR
 .text.prvSetupTimerInterrupt
                0x00009924       0x40 ./freertos/fsl_tickless_lptmr.o
                0x00009924                prvSetupTimerInterrupt
 .text.pvPortMalloc
                0x00009964      0x150 ./freertos/heap_4.o
                0x00009964                pvPortMalloc
 .text.vPortFree
                0x00009ab4       0x94 ./freertos/heap_4.o
                0x00009ab4                vPortFree
 .text.prvHeapInit
                0x00009b48       0xc0 ./freertos/heap_4.o
 .text.prvInsertBlockIntoFreeList
                0x00009c08       0xb0 ./freertos/heap_4.o
 .text.pxPortInitialiseStack
                0x00009cb8       0x54 ./freertos/port.o
                0x00009cb8                pxPortInitialiseStack
 .text.prvTaskExitError
                0x00009d0c       0x1c ./freertos/port.o
 .text.xPortStartScheduler
                0x00009d28       0x44 ./freertos/port.o
                0x00009d28                xPortStartScheduler
 .text.vPortYield
                0x00009d6c       0x20 ./freertos/port.o
                0x00009d6c                vPortYield
 .text.vPortEnterCritical
                0x00009d8c       0x24 ./freertos/port.o
                0x00009d8c                vPortEnterCritical
 .text.vPortExitCritical
                0x00009db0       0x30 ./freertos/port.o
                0x00009db0                vPortExitCritical
 .text.SysTick_Handler
                0x00009de0       0x34 ./freertos/port.o
                0x00009de0                SysTick_Handler
 .text.vQueueAddToRegistry
                0x00009e14       0x50 ./freertos/queue.o
                0x00009e14                vQueueAddToRegistry
 .text.prvInitialiseNewTask
                0x00009e64      0x12c ./freertos/tasks.o
 .text.prvAddNewTaskToReadyList
                0x00009f90       0xd0 ./freertos/tasks.o
 .text.vTaskStartScheduler
                0x0000a060       0x7c ./freertos/tasks.o
                0x0000a060                vTaskStartScheduler
 .text.vTaskSuspendAll
                0x0000a0dc       0x18 ./freertos/tasks.o
                0x0000a0dc                vTaskSuspendAll
 .text.xTaskResumeAll
                0x0000a0f4      0x118 ./freertos/tasks.o
                0x0000a0f4                xTaskResumeAll
 .text.xTaskGetTickCount
                0x0000a20c       0x1c ./freertos/tasks.o
                0x0000a20c                xTaskGetTickCount
 .text.xTaskIncrementTick
                0x0000a228      0x150 ./freertos/tasks.o
                0x0000a228                xTaskIncrementTick
 .text.vTaskSwitchContext
                0x0000a378       0xa4 ./freertos/tasks.o
                0x0000a378                vTaskSwitchContext
 .text.vTaskPlaceOnEventList
                0x0000a41c       0x40 ./freertos/tasks.o
                0x0000a41c                vTaskPlaceOnEventList
 .text.vTaskPlaceOnUnorderedEventList
                0x0000a45c       0x60 ./freertos/tasks.o
                0x0000a45c                vTaskPlaceOnUnorderedEventList
 .text.vTaskPlaceOnEventListRestricted
                0x0000a4bc       0x50 ./freertos/tasks.o
                0x0000a4bc                vTaskPlaceOnEventListRestricted
 .text.xTaskRemoveFromEventList
                0x0000a50c       0xbc ./freertos/tasks.o
                0x0000a50c                xTaskRemoveFromEventList
 .text.xTaskRemoveFromUnorderedEventList
                0x0000a5c8       0xb4 ./freertos/tasks.o
                0x0000a5c8                xTaskRemoveFromUnorderedEventList
 .text.vTaskSetTimeOutState
                0x0000a67c       0x34 ./freertos/tasks.o
                0x0000a67c                vTaskSetTimeOutState
 .text.xTaskCheckForTimeOut
                0x0000a6b0       0xa0 ./freertos/tasks.o
                0x0000a6b0                xTaskCheckForTimeOut
 .text.vTaskMissedYield
                0x0000a750       0x14 ./freertos/tasks.o
                0x0000a750                vTaskMissedYield
 .text.prvIdleTask
                0x0000a764       0x20 ./freertos/tasks.o
 .text.prvInitialiseTaskLists
                0x0000a784       0x88 ./freertos/tasks.o
 .text.prvCheckTasksWaitingTermination
                0x0000a80c       0x78 ./freertos/tasks.o
 .text.prvResetNextTaskUnblockTime
                0x0000a884       0x48 ./freertos/tasks.o
 .text.xTaskGetCurrentTaskHandle
                0x0000a8cc       0x1c ./freertos/tasks.o
                0x0000a8cc                xTaskGetCurrentTaskHandle
 .text.xTaskGetSchedulerState
                0x0000a8e8       0x38 ./freertos/tasks.o
                0x0000a8e8                xTaskGetSchedulerState
 .text.vTaskPriorityInherit
                0x0000a920       0xbc ./freertos/tasks.o
                0x0000a920                vTaskPriorityInherit
 .text.xTaskPriorityDisinherit
                0x0000a9dc       0xbc ./freertos/tasks.o
                0x0000a9dc                xTaskPriorityDisinherit
 .text.uxTaskResetEventItemValue
                0x0000aa98       0x2c ./freertos/tasks.o
                0x0000aa98                uxTaskResetEventItemValue
 .text.pvTaskIncrementMutexHeldCount
                0x0000aac4       0x24 ./freertos/tasks.o
                0x0000aac4                pvTaskIncrementMutexHeldCount
 .text.prvAddCurrentTaskToDelayedList
                0x0000aae8       0xa8 ./freertos/tasks.o
 .text.xTimerCreateTimerTask
                0x0000ab90       0x54 ./freertos/timers.o
                0x0000ab90                xTimerCreateTimerTask
 .text.xTimerGenericCommand
                0x0000abe4       0x98 ./freertos/timers.o
                0x0000abe4                xTimerGenericCommand
 .text.prvProcessExpiredTimer
                0x0000ac7c       0x74 ./freertos/timers.o
 .text.prvProcessTimerOrBlockTask
                0x0000acf0       0x8c ./freertos/timers.o
 .text.prvGetNextExpireTime
                0x0000ad7c       0x40 ./freertos/timers.o
 .text.prvSampleTimeNow
                0x0000adbc       0x40 ./freertos/timers.o
 .text.prvInsertTimerInActiveList
                0x0000adfc       0x84 ./freertos/timers.o
 .text.prvProcessReceivedCommands
                0x0000ae80      0x134 ./freertos/timers.o
 .text.prvSwitchTimerLists
                0x0000afb4       0xb8 ./freertos/timers.o
 .text.prvCheckForValidListAndQueue
                0x0000b06c       0x74 ./freertos/timers.o
 .text.xTimerPendFunctionCallFromISR
                0x0000b0e0       0x4c ./freertos/timers.o
                0x0000b0e0                xTimerPendFunctionCallFromISR
 .text.XCVR_Init
                0x0000b12c      0x128 ./framework/XCVR/MKW41Z4/fsl_xcvr.o
                0x0000b12c                XCVR_Init
 .text.XCVR_GetDefaultConfig
                0x0000b254      0x174 ./framework/XCVR/MKW41Z4/fsl_xcvr.o
                0x0000b254                XCVR_GetDefaultConfig
 .text.XCVR_Configure
                0x0000b3c8      0x98c ./framework/XCVR/MKW41Z4/fsl_xcvr.o
                0x0000b3c8                XCVR_Configure
 .text.XcvrPanic
                0x0000bd54       0x40 ./framework/XCVR/MKW41Z4/fsl_xcvr.o
                0x0000bd54                XcvrPanic
 .text.XCVR_SetXtalTrim
                0x0000bd94       0x64 ./framework/XCVR/MKW41Z4/fsl_xcvr.o
                0x0000bd94                XCVR_SetXtalTrim
 .text.XCVR_OverrideChannel
                0x0000bdf8      0x140 ./framework/XCVR/MKW41Z4/fsl_xcvr.o
                0x0000bdf8                XCVR_OverrideChannel
 .text.XCVR_ForceRxWu
                0x0000bf38       0x1c ./framework/XCVR/MKW41Z4/fsl_xcvr.o
                0x0000bf38                XCVR_ForceRxWu
 .text.XCVR_ForceRxWd
                0x0000bf54       0x1c ./framework/XCVR/MKW41Z4/fsl_xcvr.o
                0x0000bf54                XCVR_ForceRxWd
 .text.calc_dcoc_dac_step
                0x0000bf70       0x88 ./framework/XCVR/MKW41Z4/fsl_xcvr_trim.o
                0x0000bf70                calc_dcoc_dac_step
 .text.rx_dc_est_average
                0x0000bff8      0x1a0 ./framework/XCVR/MKW41Z4/fsl_xcvr_trim.o
                0x0000bff8                rx_dc_est_average
 .text.rx_bba_dcoc_dac_trim_DCest
                0x0000c198      0x7bc ./framework/XCVR/MKW41Z4/fsl_xcvr_trim.o
                0x0000c198                rx_bba_dcoc_dac_trim_DCest
 .text.DCOC_DAC_INIT_Cal
                0x0000c954      0x5b0 ./framework/XCVR/MKW41Z4/fsl_xcvr_trim.o
                0x0000c954                DCOC_DAC_INIT_Cal
 .text.read_first_ifr_word
                0x0000cf04       0x20 ./framework/XCVR/MKW41Z4/ifr_radio.o
                0x0000cf04                read_first_ifr_word
 .text.read_another_ifr_word
                0x0000cf24       0x2c ./framework/XCVR/MKW41Z4/ifr_radio.o
                0x0000cf24                read_another_ifr_word
 .text.read_resource_ifr
                0x0000cf50       0xd4 ./framework/XCVR/MKW41Z4/ifr_radio.o
                0x0000cf50                read_resource_ifr
 .text.handle_ifr
                0x0000d024      0x184 ./framework/XCVR/MKW41Z4/ifr_radio.o
                0x0000d024                handle_ifr
 .text.NVIC_EnableIRQ
                0x0000d1a8       0x2c ./framework/TimersManager/Source/TMR_Adapter.o
 .text.NVIC_ClearPendingIRQ
                0x0000d1d4       0x30 ./framework/TimersManager/Source/TMR_Adapter.o
 .text.NVIC_SetPriority
                0x0000d204       0xdc ./framework/TimersManager/Source/TMR_Adapter.o
 .text.StackTimer_Init
                0x0000d2e0       0x98 ./framework/TimersManager/Source/TMR_Adapter.o
                0x0000d2e0                StackTimer_Init
 .text.StackTimer_Enable
                0x0000d378       0x1c ./framework/TimersManager/Source/TMR_Adapter.o
                0x0000d378                StackTimer_Enable
 .text.StackTimer_Disable
                0x0000d394       0x18 ./framework/TimersManager/Source/TMR_Adapter.o
                0x0000d394                StackTimer_Disable
 .text.StackTimer_GetCounterValue
                0x0000d3ac       0x14 ./framework/TimersManager/Source/TMR_Adapter.o
                0x0000d3ac                StackTimer_GetCounterValue
 .text.StackTimer_SetOffsetTicks
                0x0000d3c0       0x24 ./framework/TimersManager/Source/TMR_Adapter.o
                0x0000d3c0                StackTimer_SetOffsetTicks
 .text.StackTimer_ClearIntFlag
                0x0000d3e4       0x30 ./framework/TimersManager/Source/TMR_Adapter.o
                0x0000d3e4                StackTimer_ClearIntFlag
 .text.PWM_Init
                0x0000d414       0x48 ./framework/TimersManager/Source/TMR_Adapter.o
                0x0000d414                PWM_Init
 .text.PWM_SetChnCountVal
                0x0000d45c       0x48 ./framework/TimersManager/Source/TMR_Adapter.o
                0x0000d45c                PWM_SetChnCountVal
 .text.PWM_GetChnCountVal
                0x0000d4a4       0x38 ./framework/TimersManager/Source/TMR_Adapter.o
                0x0000d4a4                PWM_GetChnCountVal
 .text.PWM_StartEdgeAlignedLowTrue
                0x0000d4dc       0x6c ./framework/TimersManager/Source/TMR_Adapter.o
                0x0000d4dc                PWM_StartEdgeAlignedLowTrue
 .text.TMR_GetTimerStatus
                0x0000d548       0x28 ./framework/TimersManager/Source/TimersManager.o
 .text.TMR_SetTimerStatus
                0x0000d570       0x44 ./framework/TimersManager/Source/TimersManager.o
 .text.TMR_GetTimerType
                0x0000d5b4       0x28 ./framework/TimersManager/Source/TimersManager.o
 .text.TMR_SetTimerType
                0x0000d5dc       0x44 ./framework/TimersManager/Source/TimersManager.o
 .text.TmrTicksFromMilliseconds
                0x0000d620       0x48 ./framework/TimersManager/Source/TimersManager.o
                0x0000d620                TmrTicksFromMilliseconds
 .text.TMR_Init
                0x0000d668       0x80 ./framework/TimersManager/Source/TimersManager.o
                0x0000d668                TMR_Init
 .text.TMR_NotifyClkChanged
                0x0000d6e8       0x44 ./framework/TimersManager/Source/TimersManager.o
                0x0000d6e8                TMR_NotifyClkChanged
 .text.TMR_AllocateTimer
                0x0000d72c       0x50 ./framework/TimersManager/Source/TimersManager.o
                0x0000d72c                TMR_AllocateTimer
 .text.StackTimer_ISR
                0x0000d77c       0x24 ./framework/TimersManager/Source/TimersManager.o
 .text.TMR_StartTimer
                0x0000d7a0       0xe8 ./framework/TimersManager/Source/TimersManager.o
                0x0000d7a0                TMR_StartTimer
 .text.TMR_StopTimer
                0x0000d888       0xe8 ./framework/TimersManager/Source/TimersManager.o
                0x0000d888                TMR_StopTimer
 .text.TMR_Task
                0x0000d970      0x4fc ./framework/TimersManager/Source/TimersManager.o
                0x0000d970                TMR_Task
 .text.TMR_EnableTimer
                0x0000de6c       0x84 ./framework/TimersManager/Source/TimersManager.o
                0x0000de6c                TMR_EnableTimer
 .text.NVIC_EnableIRQ
                0x0000def0       0x2c ./framework/SerialManager/Source/UART_Adapter/UART_Adapter.o
 .text.NVIC_SetPriority
                0x0000df1c       0xdc ./framework/SerialManager/Source/UART_Adapter/UART_Adapter.o
 .text.LPUART_Initialize
                0x0000dff8       0xe8 ./framework/SerialManager/Source/UART_Adapter/UART_Adapter.o
                0x0000dff8                LPUART_Initialize
 .text.LPUART_SetBaudrate
                0x0000e0e0       0x44 ./framework/SerialManager/Source/UART_Adapter/UART_Adapter.o
                0x0000e0e0                LPUART_SetBaudrate
 .text.LPUART_SendData
                0x0000e124       0xc0 ./framework/SerialManager/Source/UART_Adapter/UART_Adapter.o
                0x0000e124                LPUART_SendData
 .text.LPUART_InstallRxCalback
                0x0000e1e4       0x44 ./framework/SerialManager/Source/UART_Adapter/UART_Adapter.o
                0x0000e1e4                LPUART_InstallRxCalback
 .text.LPUART_InstallTxCalback
                0x0000e228       0x44 ./framework/SerialManager/Source/UART_Adapter/UART_Adapter.o
                0x0000e228                LPUART_InstallTxCalback
 .text.LPUART_IsTxActive
                0x0000e26c       0x58 ./framework/SerialManager/Source/UART_Adapter/UART_Adapter.o
                0x0000e26c                LPUART_IsTxActive
 .text.LPUART_ISR
                0x0000e2c4      0x17c ./framework/SerialManager/Source/UART_Adapter/UART_Adapter.o
 .text.SerialManager_Init
                0x0000e440       0x80 ./framework/SerialManager/Source/SerialManager.o
                0x0000e440                SerialManager_Init
 .text.SerialManagerTask
                0x0000e4c0      0x1c4 ./framework/SerialManager/Source/SerialManager.o
                0x0000e4c0                SerialManagerTask
 .text.Serial_InitInterface
                0x0000e684      0x190 ./framework/SerialManager/Source/SerialManager.o
                0x0000e684                Serial_InitInterface
 .text.Serial_AsyncWrite
                0x0000e814      0x1bc ./framework/SerialManager/Source/SerialManager.o
                0x0000e814                Serial_AsyncWrite
 .text.Serial_SyncWrite
                0x0000e9d0       0xdc ./framework/SerialManager/Source/SerialManager.o
                0x0000e9d0                Serial_SyncWrite
 .text.Serial_Read
                0x0000eaac      0x124 ./framework/SerialManager/Source/SerialManager.o
                0x0000eaac                Serial_Read
 .text.Serial_RxBufferByteCount
                0x0000ebd0      0x10c ./framework/SerialManager/Source/SerialManager.o
                0x0000ebd0                Serial_RxBufferByteCount
 .text.Serial_SetRxCallBack
                0x0000ecdc       0x78 ./framework/SerialManager/Source/SerialManager.o
                0x0000ecdc                Serial_SetRxCallBack
 .text.Serial_SetBaudRate
                0x0000ed54       0x94 ./framework/SerialManager/Source/SerialManager.o
                0x0000ed54                Serial_SetBaudRate
 .text.Serial_WriteInternal
                0x0000ede8      0x12c ./framework/SerialManager/Source/SerialManager.o
 .text.SerialManager_RxNotify
                0x0000ef14       0xc8 ./framework/SerialManager/Source/SerialManager.o
                0x0000ef14                SerialManager_RxNotify
 .text.SerialManager_TxNotify
                0x0000efdc       0xf4 ./framework/SerialManager/Source/SerialManager.o
                0x0000efdc                SerialManager_TxNotify
 .text.Serial_TxQueueMaintenance
                0x0000f0d0      0x15c ./framework/SerialManager/Source/SerialManager.o
 .text.Serial_UartRxCb
                0x0000f22c       0x5c ./framework/SerialManager/Source/SerialManager.o
 .text.SecLib_Init
                0x0000f288       0x3c ./framework/SecLib/SecLib.o
                0x0000f288                SecLib_Init
 .text.AES_128_CCM
                0x0000f2c4       0xec ./framework/SecLib/SecLib.o
                0x0000f2c4                AES_128_CCM
 .text.NVIC_EnableIRQ
                0x0000f3b0       0x2c ./framework/RNG/Source/RNG.o
 .text.RNG_Init
                0x0000f3dc       0xe0 ./framework/RNG/Source/RNG.o
                0x0000f3dc                RNG_Init
 .text.TRNG_ISR
                0x0000f4bc       0x3c ./framework/RNG/Source/RNG.o
 .text.OSA_SemaphorePost
                0x0000f4f8       0x9c ./framework/OSAbstraction/Source/fsl_os_abstraction_free_rtos.o
                0x0000f4f8                OSA_SemaphorePost
 .text.OSA_EventCreate
                0x0000f594       0x70 ./framework/OSAbstraction/Source/fsl_os_abstraction_free_rtos.o
                0x0000f594                OSA_EventCreate
 .text.OSA_EventSet
                0x0000f604       0xa0 ./framework/OSAbstraction/Source/fsl_os_abstraction_free_rtos.o
                0x0000f604                OSA_EventSet
 .text.OSA_EventWait
                0x0000f6a4       0xa4 ./framework/OSAbstraction/Source/fsl_os_abstraction_free_rtos.o
                0x0000f6a4                OSA_EventWait
 .text.OSA_InterruptEnable
                0x0000f748       0x4c ./framework/OSAbstraction/Source/fsl_os_abstraction_free_rtos.o
                0x0000f748                OSA_InterruptEnable
 .text.OSA_InterruptDisable
                0x0000f794       0x4c ./framework/OSAbstraction/Source/fsl_os_abstraction_free_rtos.o
                0x0000f794                OSA_InterruptDisable
 .text.main     0x0000f7e0       0x24 ./framework/OSAbstraction/Source/fsl_os_abstraction_free_rtos.o
                0x0000f7e0                main
 .text.MEM_Init
                0x0000f804       0xc4 ./framework/MemManager/Source/MemManager.o
                0x0000f804                MEM_Init
 .text.MEM_BufferAllocWithId
                0x0000f8c8       0xb8 ./framework/MemManager/Source/MemManager.o
                0x0000f8c8                MEM_BufferAllocWithId
 .text.MEM_BufferFree
                0x0000f980       0xb0 ./framework/MemManager/Source/MemManager.o
                0x0000f980                MEM_BufferFree
 .text.LED_Init
                0x0000fa30       0x30 ./framework/LED/Source/LED.o
                0x0000fa30                LED_Init
 .text.LED_Operate
                0x0000fa60       0xdc ./framework/LED/Source/LED.o
                0x0000fa60                LED_Operate
 .text.LED_StopFlash
                0x0000fb3c       0x4c ./framework/LED/Source/LED.o
                0x0000fb3c                LED_StopFlash
 .text.LED_SetLed
                0x0000fb88       0xb4 ./framework/LED/Source/LED.o
                0x0000fb88                LED_SetLed
 .text.LED_SetRgbLed
                0x0000fc3c       0xb4 ./framework/LED/Source/LED.o
                0x0000fc3c                LED_SetRgbLed
 .text.LED_StartFlashWithPeriod
                0x0000fcf0       0x58 ./framework/LED/Source/LED.o
                0x0000fcf0                LED_StartFlashWithPeriod
 .text.LED_StartSerialFlashWithPeriod
                0x0000fd48       0x74 ./framework/LED/Source/LED.o
                0x0000fd48                LED_StartSerialFlashWithPeriod
 .text.LED_StopSerialFlash
                0x0000fdbc       0x44 ./framework/LED/Source/LED.o
                0x0000fdbc                LED_StopSerialFlash
 .text.LED_ToggleRgbLed
                0x0000fe00       0xf8 ./framework/LED/Source/LED.o
 .text.LED_RgbLedInit
                0x0000fef8       0x58 ./framework/LED/Source/LED.o
 .text.LED_FlashTimeout
                0x0000ff50       0xa0 ./framework/LED/Source/LED.o
 .text.LED_ColorWheelSet
                0x0000fff0       0x84 ./framework/LED/Source/LED.o
 .text.KbGpioInit
                0x00010074       0x58 ./framework/Keyboard/Source/Keyboard.o
 .text.KBD_KeySwitchPortGet
                0x000100cc       0x7c ./framework/Keyboard/Source/Keyboard.o
 .text.KBD_KeyCheck
                0x00010148       0xa0 ./framework/Keyboard/Source/Keyboard.o
 .text.KeyScan  0x000101e8      0x154 ./framework/Keyboard/Source/Keyboard.o
 .text.Switch_CheckIRQ
                0x0001033c       0x50 ./framework/Keyboard/Source/Keyboard.o
 .text.KBD_Init
                0x0001038c       0xdc ./framework/Keyboard/Source/Keyboard.o
                0x0001038c                KBD_Init
 .text.Switch_Press_ISR
                0x00010468       0x70 ./framework/Keyboard/Source/Keyboard.o
                0x00010468                Switch_Press_ISR
 .text.NVIC_EnableIRQ
                0x000104d8       0x2c ./framework/GPIO/GPIO_Adapter.o
 .text.NVIC_ClearPendingIRQ
                0x00010504       0x30 ./framework/GPIO/GPIO_Adapter.o
 .text.NVIC_SetPriority
                0x00010534       0xdc ./framework/GPIO/GPIO_Adapter.o
 .text.NVIC_GetPriority
                0x00010610       0x7c ./framework/GPIO/GPIO_Adapter.o
 .text.PORT_SetPinConfig
                0x0001068c       0x38 ./framework/GPIO/GPIO_Adapter.o
 .text.PORT_SetPinMux
                0x000106c4       0x40 ./framework/GPIO/GPIO_Adapter.o
 .text.PORT_SetPinInterruptConfig
                0x00010704       0x40 ./framework/GPIO/GPIO_Adapter.o
 .text.GpioSetPinMux
                0x00010744       0x44 ./framework/GPIO/GPIO_Adapter.o
                0x00010744                GpioSetPinMux
 .text.GpioClearPinIntFlag
                0x00010788       0x34 ./framework/GPIO/GPIO_Adapter.o
                0x00010788                GpioClearPinIntFlag
 .text.GpioIsPinIntPending
                0x000107bc       0x38 ./framework/GPIO/GPIO_Adapter.o
                0x000107bc                GpioIsPinIntPending
 .text.GpioSetPinOutput
                0x000107f4       0x34 ./framework/GPIO/GPIO_Adapter.o
                0x000107f4                GpioSetPinOutput
 .text.GpioClearPinOutput
                0x00010828       0x34 ./framework/GPIO/GPIO_Adapter.o
                0x00010828                GpioClearPinOutput
 .text.GpioTogglePinOutput
                0x0001085c       0x34 ./framework/GPIO/GPIO_Adapter.o
                0x0001085c                GpioTogglePinOutput
 .text.GpioReadPinInput
                0x00010890       0x30 ./framework/GPIO/GPIO_Adapter.o
                0x00010890                GpioReadPinInput
 .text.GpioInputPinInit
                0x000108c0      0x104 ./framework/GPIO/GPIO_Adapter.o
                0x000108c0                GpioInputPinInit
 .text.GpioOutputPinInit
                0x000109c4      0x100 ./framework/GPIO/GPIO_Adapter.o
                0x000109c4                GpioOutputPinInit
 .text.GpioInstallIsr
                0x00010ac4      0x2c4 ./framework/GPIO/GPIO_Adapter.o
                0x00010ac4                GpioInstallIsr
 .text.Gpio_CommonIsr
                0x00010d88       0xb0 ./framework/GPIO/GPIO_Adapter.o
 .text.Gpio_InstallPortISR
                0x00010e38       0x60 ./framework/GPIO/GPIO_Adapter.o
 .text.NV_ComputeCrcOverHWParameters
                0x00010e98       0xd0 ./framework/Flash/Internal/Flash_Adapter.o
 .text.NV_ReadHWParameters
                0x00010f68       0x68 ./framework/Flash/Internal/Flash_Adapter.o
                0x00010f68                NV_ReadHWParameters
 .text.CLOCK_EnableClock
                0x00010fd0       0x34 ./framework/DCDC/Source/DCDC.o
 .text.ADC16_GetChannelConversionValue
                0x00011004       0x30 ./framework/DCDC/Source/DCDC.o
 .text.DCDC_MakeADCConversion
                0x00011034       0x44 ./framework/DCDC/Source/DCDC.o
 .text.DCDC_AdjustVbatDiv
                0x00011078       0x68 ./framework/DCDC/Source/DCDC.o
 .text.DCDC_Get1P8VOutputTargetAndVBatInmV
                0x000110e0       0xf4 ./framework/DCDC/Source/DCDC.o
 .text.DCDC_mVTo1P8OutputTargetBoost
                0x000111d4      0x168 ./framework/DCDC/Source/DCDC.o
 .text.DCDC_mVTo1P8OutputTargetBuck
                0x0001133c       0xe4 ./framework/DCDC/Source/DCDC.o
 .text.DCDC_mVToMcuVOutputTargetBoost
                0x00011420       0x8c ./framework/DCDC/Source/DCDC.o
                0x00011420                DCDC_mVToMcuVOutputTargetBoost
 .text.DCDC_GetOutputTargetsBoost
                0x000114ac       0xcc ./framework/DCDC/Source/DCDC.o
 .text.DCDC_GetOutputTargetsBuck
                0x00011578       0x88 ./framework/DCDC/Source/DCDC.o
 .text.DCDC_VBatMonitorBoost
                0x00011600      0x1b8 ./framework/DCDC/Source/DCDC.o
 .text.DCDC_VBatMonitorBuck
                0x000117b8      0x1bc ./framework/DCDC/Source/DCDC.o
 .text.DCDC_Init
                0x00011974      0x218 ./framework/DCDC/Source/DCDC.o
                0x00011974                DCDC_Init
 .text.CLOCK_EnableClock
                0x00011b8c       0x34 ./drivers/fsl_adc16.o
 .text.ADC16_GetInstance
                0x00011bc0       0x48 ./drivers/fsl_adc16.o
 .text.ADC16_Init
                0x00011c08      0x114 ./drivers/fsl_adc16.o
                0x00011c08                ADC16_Init
 .text.ADC16_SetChannelConfig
                0x00011d1c       0x6c ./drivers/fsl_adc16.o
                0x00011d1c                ADC16_SetChannelConfig
 .text.ADC16_GetChannelStatusFlags
                0x00011d88       0x40 ./drivers/fsl_adc16.o
                0x00011d88                ADC16_GetChannelStatusFlags
 .text.CLOCK_SetEr32kClock
                0x00011dc8       0x34 ./drivers/fsl_clock.o
 .text.CLOCK_GetMcgExtClkFreq
                0x00011dfc       0x70 ./drivers/fsl_clock.o
 .text.CLOCK_GetFllExtRefClkFreq
                0x00011e6c       0xbc ./drivers/fsl_clock.o
 .text.CLOCK_GetInternalRefClkSelectFreq
                0x00011f28       0x40 ./drivers/fsl_clock.o
 .text.CLOCK_GetFllRefClkFreq
                0x00011f68       0x2c ./drivers/fsl_clock.o
 .text.CLOCK_GetOscRangeFromFreq
                0x00011f94       0x4c ./drivers/fsl_clock.o
 .text.CLOCK_GetOsc0ErClkFreq
                0x00011fe0       0x28 ./drivers/fsl_clock.o
                0x00011fe0                CLOCK_GetOsc0ErClkFreq
 .text.CLOCK_SetSimConfig
                0x00012008       0x2c ./drivers/fsl_clock.o
                0x00012008                CLOCK_SetSimConfig
 .text.CLOCK_GetFllFreq
                0x00012034       0x78 ./drivers/fsl_clock.o
                0x00012034                CLOCK_GetFllFreq
 .text.CLOCK_GetInternalRefClkFreq
                0x000120ac       0x28 ./drivers/fsl_clock.o
                0x000120ac                CLOCK_GetInternalRefClkFreq
 .text.CLOCK_SetExternalRefClkConfig
                0x000120d4       0x80 ./drivers/fsl_clock.o
                0x000120d4                CLOCK_SetExternalRefClkConfig
 .text.CLOCK_SetInternalRefClkConfig
                0x00012154      0x124 ./drivers/fsl_clock.o
                0x00012154                CLOCK_SetInternalRefClkConfig
 .text.CLOCK_InitOsc0
                0x00012278       0x68 ./drivers/fsl_clock.o
                0x00012278                CLOCK_InitOsc0
 .text.CLOCK_SetFeeMode
                0x000122e0      0x138 ./drivers/fsl_clock.o
                0x000122e0                CLOCK_SetFeeMode
 .text.__assertion_failed
                0x00012418       0x1c ./drivers/fsl_common.o
                0x00012418                __assertion_failed
 .text.InstallIRQHandler
                0x00012434       0x98 ./drivers/fsl_common.o
                0x00012434                InstallIRQHandler
 .text.DSPI_CommonIRQHandler
                0x000124cc       0x40 ./drivers/fsl_dspi.o
 .text.SPI0_DriverIRQHandler
                0x0001250c       0x34 ./drivers/fsl_dspi.o
                0x0001250c                SPI0_DriverIRQHandler
 .text.SPI1_DriverIRQHandler
                0x00012540       0x34 ./drivers/fsl_dspi.o
                0x00012540                SPI1_DriverIRQHandler
 .text.GPIO_PinInit
                0x00012574       0x64 ./drivers/fsl_gpio.o
                0x00012574                GPIO_PinInit
 .text.I2C_TransferCommonIRQHandler
                0x000125d8       0x58 ./drivers/fsl_i2c.o
 .text.I2C0_DriverIRQHandler
                0x00012630       0x20 ./drivers/fsl_i2c.o
                0x00012630                I2C0_DriverIRQHandler
 .text.I2C1_DriverIRQHandler
                0x00012650       0x20 ./drivers/fsl_i2c.o
                0x00012650                I2C1_DriverIRQHandler
 .text.CLOCK_EnableClock
                0x00012670       0x34 ./drivers/fsl_lpuart.o
 .text.LPUART_GetInstance
                0x000126a4       0x48 ./drivers/fsl_lpuart.o
                0x000126a4                LPUART_GetInstance
 .text.LPUART_Init
                0x000126ec      0x284 ./drivers/fsl_lpuart.o
                0x000126ec                LPUART_Init
 .text.LPUART_GetDefaultConfig
                0x00012970       0x50 ./drivers/fsl_lpuart.o
                0x00012970                LPUART_GetDefaultConfig
 .text.LPUART_SetBaudRate
                0x000129c0      0x188 ./drivers/fsl_lpuart.o
                0x000129c0                LPUART_SetBaudRate
 .text.LPUART_GetEnabledInterrupts
                0x00012b48       0x30 ./drivers/fsl_lpuart.o
                0x00012b48                LPUART_GetEnabledInterrupts
 .text.LPUART_ClearStatusFlags
                0x00012b78       0x88 ./drivers/fsl_lpuart.o
                0x00012b78                LPUART_ClearStatusFlags
 .text.LPUART0_DriverIRQHandler
                0x00012c00       0x24 ./drivers/fsl_lpuart.o
                0x00012c00                LPUART0_DriverIRQHandler
 .text.CLOCK_EnableClock
                0x00012c24       0x34 ./drivers/fsl_ltc.o
 .text.ltc_clear_all
                0x00012c58       0x20 ./drivers/fsl_ltc.o
                0x00012c58                ltc_clear_all
 .text.ltc_symmetric_alg_state
                0x00012c78       0x74 ./drivers/fsl_ltc.o
 .text.LTC_Init
                0x00012cec       0x1c ./drivers/fsl_ltc.o
                0x00012cec                LTC_Init
 .text.ltc_aes_ccm_process_aad
                0x00012d08      0x1b4 ./drivers/fsl_ltc.o
 .text.ltc_aes_ccm_process
                0x00012ebc      0x160 ./drivers/fsl_ltc.o
 .text.CLOCK_EnableClock
                0x0001301c       0x34 ./drivers/fsl_tpm.o
 .text.TPM_GetInstance
                0x00013050       0x54 ./drivers/fsl_tpm.o
 .text.TPM_Init
                0x000130a4       0xec ./drivers/fsl_tpm.o
                0x000130a4                TPM_Init
 .text.TPM_GetDefaultConfig
                0x00013190       0x60 ./drivers/fsl_tpm.o
                0x00013190                TPM_GetDefaultConfig
 .text.TPM_SetupPwm
                0x000131f0      0x474 ./drivers/fsl_tpm.o
                0x000131f0                TPM_SetupPwm
 .text.TPM_SetupOutputCompare
                0x00013664      0x130 ./drivers/fsl_tpm.o
                0x00013664                TPM_SetupOutputCompare
 .text.CLOCK_EnableClock
                0x00013794       0x34 ./drivers/fsl_trng.o
 .text.trng_GetInstance
                0x000137c8       0x48 ./drivers/fsl_trng.o
 .text.TRNG_GetDefaultConfig
                0x00013810       0xe0 ./drivers/fsl_trng.o
                0x00013810                TRNG_GetDefaultConfig
 .text.trng_SetRetryCount
                0x000138f0       0x50 ./drivers/fsl_trng.o
 .text.trng_SetStatisticalCheckLimit
                0x00013940      0x320 ./drivers/fsl_trng.o
 .text.trng_ApplyUserConfig
                0x00013c60      0x1c4 ./drivers/fsl_trng.o
 .text.TRNG_Init
                0x00013e24       0xb8 ./drivers/fsl_trng.o
                0x00013e24                TRNG_Init
 .text.CLOCK_EnableClock
                0x00013edc       0x34 ./board/board.o
 .text.hardware_init
                0x00013f10      0x15c ./board/board.o
                0x00013f10                hardware_init
 .text.NMI_Handler
                0x0001406c       0x20 ./board/board.o
                0x0001406c                NMI_Handler
 .text.BOARD_DCDCInit
                0x0001408c       0x18 ./board/board.o
                0x0001408c                BOARD_DCDCInit
 .text.BOARD_GetLpuartClock
                0x000140a4       0x68 ./board/board.o
                0x000140a4                BOARD_GetLpuartClock
 .text.BOARD_GetTpmClock
                0x0001410c       0x68 ./board/board.o
                0x0001410c                BOARD_GetTpmClock
 .text.CLOCK_EnableClock
                0x00014174       0x34 ./board/clock_config.o
 .text.CLOCK_DisableClock
                0x000141a8       0x38 ./board/clock_config.o
 .text.CLOCK_SetLpuartClock
                0x000141e0       0x38 ./board/clock_config.o
 .text.CLOCK_SetTpmClock
                0x00014218       0x38 ./board/clock_config.o
 .text.CLOCK_SetSimSafeDivs
                0x00014250       0x1c ./board/clock_config.o
 .text.CLOCK_SetXtal0Freq
                0x0001426c       0x1c ./board/clock_config.o
 .text.CLOCK_SetXtal32Freq
                0x00014288       0x1c ./board/clock_config.o
 .text.RTC_SetOscCapLoad
                0x000142a4       0x34 ./board/clock_config.o
 .text.CLOCK_CONFIG_FllStableDelay
                0x000142d8       0x28 ./board/clock_config.o
 .text.CLOCK_CONFIG_SetRtcClock
                0x00014300       0x4c ./board/clock_config.o
 .text.CLOCK_CONFIG_EnableRtcOsc
                0x0001434c       0x50 ./board/clock_config.o
 .text.BOARD_RfOscInit
                0x0001439c       0xc8 ./board/clock_config.o
                0x0001439c                BOARD_RfOscInit
 .text.BOARD_InitOsc0
                0x00014464       0x30 ./board/clock_config.o
                0x00014464                BOARD_InitOsc0
 .text.BOARD_BootClockRUN
                0x00014494       0x6c ./board/clock_config.o
                0x00014494                BOARD_BootClockRUN
 .text.CLOCK_EnableClock
                0x00014500       0x34 ./board/pin_mux.o
 .text.PORT_SetPinMux
                0x00014534       0x40 ./board/pin_mux.o
 .text.BOARD_InitButtons
                0x00014574       0x34 ./board/pin_mux.o
                0x00014574                BOARD_InitButtons
 .text.BOARD_InitLEDs
                0x000145a8       0x78 ./board/pin_mux.o
                0x000145a8                BOARD_InitLEDs
 .text.BOARD_InitRGB
                0x00014620       0x6c ./board/pin_mux.o
                0x00014620                BOARD_InitRGB
 .text.BOARD_InitLPUART
                0x0001468c       0x4c ./board/pin_mux.o
                0x0001468c                BOARD_InitLPUART
 .text.SystemInit
                0x000146d8       0x18 ./CMSIS/system_MKW41Z4.o
                0x000146d8                SystemInit
 .text.roundf   0x000146f0       0x48 c:/nxp/mcuxpressoide_11.8.0_1165/ide/plugins/com.nxp.mcuxpresso.tools.win32_11.8.0.202306131047/tools/bin/../lib/gcc/arm-none-eabi/12.2.1/thumb/v6-m/nofp\libm.a(libm_a-sf_round.o)
                0x000146f0                roundf
 .text.exit     0x00014738       0x20 c:/nxp/mcuxpressoide_11.8.0_1165/ide/plugins/com.nxp.mcuxpresso.tools.win32_11.8.0.202306131047/tools/bin/../lib/gcc/arm-none-eabi/12.2.1/thumb/v6-m/nofp\libc.a(libc_a-exit.o)
                0x00014738                exit
 .text.memset   0x00014758       0xa8 c:/nxp/mcuxpressoide_11.8.0_1165/ide/plugins/com.nxp.mcuxpresso.tools.win32_11.8.0.202306131047/tools/bin/../lib/gcc/arm-none-eabi/12.2.1/thumb/v6-m/nofp\libc.a(libc_a-memset.o)
                0x00014758                memset
 .text.__libc_init_array
                0x00014800       0x48 c:/nxp/mcuxpressoide_11.8.0_1165/ide/plugins/com.nxp.mcuxpresso.tools.win32_11.8.0.202306131047/tools/bin/../lib/gcc/arm-none-eabi/12.2.1/thumb/v6-m/nofp\libc.a(libc_a-init.o)
                0x00014800                __libc_init_array
 .text.__retarget_lock_acquire_recursive
                0x00014848        0x4 c:/nxp/mcuxpressoide_11.8.0_1165/ide/plugins/com.nxp.mcuxpresso.tools.win32_11.8.0.202306131047/tools/bin/../lib/gcc/arm-none-eabi/12.2.1/thumb/v6-m/nofp\libc.a(libc_a-lock.o)
                0x00014848                __retarget_lock_acquire_recursive
 .text.__retarget_lock_release_recursive
                0x0001484c        0x4 c:/nxp/mcuxpressoide_11.8.0_1165/ide/plugins/com.nxp.mcuxpresso.tools.win32_11.8.0.202306131047/tools/bin/../lib/gcc/arm-none-eabi/12.2.1/thumb/v6-m/nofp\libc.a(libc_a-lock.o)
                0x0001484c                __retarget_lock_release_recursive
 .text.memcpy   0x00014850       0x90 c:/nxp/mcuxpressoide_11.8.0_1165/ide/plugins/com.nxp.mcuxpresso.tools.win32_11.8.0.202306131047/tools/bin/../lib/gcc/arm-none-eabi/12.2.1/thumb/v6-m/nofp\libc.a(libc_a-memcpy-stub.o)
                0x00014850                memcpy
 .text.strlen   0x000148e0       0x5c c:/nxp/mcuxpressoide_11.8.0_1165/ide/plugins/com.nxp.mcuxpresso.tools.win32_11.8.0.202306131047/tools/bin/../lib/gcc/arm-none-eabi/12.2.1/thumb/v6-m/nofp\libc.a(libc_a-strlen-stub.o)
                0x000148e0                strlen
 .text.startup.register_fini
                0x0001493c       0x18 c:/nxp/mcuxpressoide_11.8.0_1165/ide/plugins/com.nxp.mcuxpresso.tools.win32_11.8.0.202306131047/tools/bin/../lib/gcc/arm-none-eabi/12.2.1/thumb/v6-m/nofp\libc.a(libc_a-__call_atexit.o)
 .text.__call_exitprocs
                0x00014954       0xf4 c:/nxp/mcuxpressoide_11.8.0_1165/ide/plugins/com.nxp.mcuxpresso.tools.win32_11.8.0.202306131047/tools/bin/../lib/gcc/arm-none-eabi/12.2.1/thumb/v6-m/nofp\libc.a(libc_a-__call_atexit.o)
                0x00014954                __call_exitprocs
 .text.atexit   0x00014a48       0x10 c:/nxp/mcuxpressoide_11.8.0_1165/ide/plugins/com.nxp.mcuxpresso.tools.win32_11.8.0.202306131047/tools/bin/../lib/gcc/arm-none-eabi/12.2.1/thumb/v6-m/nofp\libc.a(libc_a-atexit.o)
                0x00014a48                atexit
 .text.__libc_fini_array
                0x00014a58       0x28 c:/nxp/mcuxpressoide_11.8.0_1165/ide/plugins/com.nxp.mcuxpresso.tools.win32_11.8.0.202306131047/tools/bin/../lib/gcc/arm-none-eabi/12.2.1/thumb/v6-m/nofp\libc.a(libc_a-fini.o)
                0x00014a58                __libc_fini_array
 .text.__register_exitproc
                0x00014a80       0xa0 c:/nxp/mcuxpressoide_11.8.0_1165/ide/plugins/com.nxp.mcuxpresso.tools.win32_11.8.0.202306131047/tools/bin/../lib/gcc/arm-none-eabi/12.2.1/thumb/v6-m/nofp\libc.a(libc_a-__atexit.o)
                0x00014a80                __register_exitproc
 .text.__muldi3
                0x00014b20       0x5c c:/nxp/mcuxpressoide_11.8.0_1165/ide/plugins/com.nxp.mcuxpresso.tools.win32_11.8.0.202306131047/tools/bin/../lib/gcc/arm-none-eabi/12.2.1/thumb/v6-m/nofp\libgcc.a(_muldi3.o)
                0x00014b20                __muldi3
                0x00014b20                __aeabi_lmul
 .text.__fixunssfsi
                0x00014b7c       0x30 c:/nxp/mcuxpressoide_11.8.0_1165/ide/plugins/com.nxp.mcuxpresso.tools.win32_11.8.0.202306131047/tools/bin/../lib/gcc/arm-none-eabi/12.2.1/thumb/v6-m/nofp\libgcc.a(_fixunssfsi.o)
                0x00014b7c                __fixunssfsi
                0x00014b7c                __aeabi_f2uiz
 .text.__udivmoddi4
                0x00014bac      0x198 c:/nxp/mcuxpressoide_11.8.0_1165/ide/plugins/com.nxp.mcuxpresso.tools.win32_11.8.0.202306131047/tools/bin/../lib/gcc/arm-none-eabi/12.2.1/thumb/v6-m/nofp\libgcc.a(_udivmoddi4.o)
                0x00014bac                __udivmoddi4
 .text.__aeabi_fadd
                0x00014d44      0x304 c:/nxp/mcuxpressoide_11.8.0_1165/ide/plugins/com.nxp.mcuxpresso.tools.win32_11.8.0.202306131047/tools/bin/../lib/gcc/arm-none-eabi/12.2.1/thumb/v6-m/nofp\libgcc.a(addsf3.o)
                0x00014d44                __aeabi_fadd
 .text.__aeabi_fdiv
                0x00015048      0x240 c:/nxp/mcuxpressoide_11.8.0_1165/ide/plugins/com.nxp.mcuxpresso.tools.win32_11.8.0.202306131047/tools/bin/../lib/gcc/arm-none-eabi/12.2.1/thumb/v6-m/nofp\libgcc.a(divsf3.o)
                0x00015048                __aeabi_fdiv
 .text.__eqsf2  0x00015288       0x50 c:/nxp/mcuxpressoide_11.8.0_1165/ide/plugins/com.nxp.mcuxpresso.tools.win32_11.8.0.202306131047/tools/bin/../lib/gcc/arm-none-eabi/12.2.1/thumb/v6-m/nofp\libgcc.a(eqsf2.o)
                0x00015288                __eqsf2
                0x00015288                __nesf2
 .text.__gesf2  0x000152d8       0xa0 c:/nxp/mcuxpressoide_11.8.0_1165/ide/plugins/com.nxp.mcuxpresso.tools.win32_11.8.0.202306131047/tools/bin/../lib/gcc/arm-none-eabi/12.2.1/thumb/v6-m/nofp\libgcc.a(gesf2.o)
                0x000152d8                __gesf2
                0x000152d8                __gtsf2
 .text.__lesf2  0x00015378       0x9c c:/nxp/mcuxpressoide_11.8.0_1165/ide/plugins/com.nxp.mcuxpresso.tools.win32_11.8.0.202306131047/tools/bin/../lib/gcc/arm-none-eabi/12.2.1/thumb/v6-m/nofp\libgcc.a(lesf2.o)
                0x00015378                __ltsf2
                0x00015378                __lesf2
 .text.__aeabi_fmul
                0x00015414      0x27c c:/nxp/mcuxpressoide_11.8.0_1165/ide/plugins/com.nxp.mcuxpresso.tools.win32_11.8.0.202306131047/tools/bin/../lib/gcc/arm-none-eabi/12.2.1/thumb/v6-m/nofp\libgcc.a(mulsf3.o)
                0x00015414                __aeabi_fmul
 .text.__aeabi_fsub
                0x00015690      0x324 c:/nxp/mcuxpressoide_11.8.0_1165/ide/plugins/com.nxp.mcuxpresso.tools.win32_11.8.0.202306131047/tools/bin/../lib/gcc/arm-none-eabi/12.2.1/thumb/v6-m/nofp\libgcc.a(subsf3.o)
                0x00015690                __aeabi_fsub
 .text.__aeabi_f2iz
                0x000159b4       0x40 c:/nxp/mcuxpressoide_11.8.0_1165/ide/plugins/com.nxp.mcuxpresso.tools.win32_11.8.0.202306131047/tools/bin/../lib/gcc/arm-none-eabi/12.2.1/thumb/v6-m/nofp\libgcc.a(fixsfsi.o)
                0x000159b4                __aeabi_f2iz
 .text.__aeabi_i2f
                0x000159f4       0x98 c:/nxp/mcuxpressoide_11.8.0_1165/ide/plugins/com.nxp.mcuxpresso.tools.win32_11.8.0.202306131047/tools/bin/../lib/gcc/arm-none-eabi/12.2.1/thumb/v6-m/nofp\libgcc.a(floatsisf.o)
                0x000159f4                __aeabi_i2f
 .text.__aeabi_ui2f
                0x00015a8c       0x84 c:/nxp/mcuxpressoide_11.8.0_1165/ide/plugins/com.nxp.mcuxpresso.tools.win32_11.8.0.202306131047/tools/bin/../lib/gcc/arm-none-eabi/12.2.1/thumb/v6-m/nofp\libgcc.a(floatunsisf.o)
                0x00015a8c                __aeabi_ui2f
 .text._exit    0x00015b10        0x4 c:/nxp/mcuxpressoide_11.8.0_1165/ide/plugins/com.nxp.mcuxpresso.tools.win32_11.8.0.202306131047/tools/bin/../lib/gcc/arm-none-eabi/12.2.1/thumb/v6-m/nofp\libnosys.a(_exit.o)
                0x00015b10                _exit
 .text.__aeabi_uread4
                0x00015b14       0x18 c:/nxp/mcuxpressoide_11.8.0_1165/ide/plugins/com.nxp.mcuxpresso.tools.win32_11.8.0.202306131047/tools/bin/../lib/gcc/arm-none-eabi/12.2.1/thumb/v6-m/nofp\libgcc.a(unaligned-funcs.o)
                0x00015b14                __aeabi_uread4
 .text.__aeabi_uwrite4
                0x00015b2c       0x14 c:/nxp/mcuxpressoide_11.8.0_1165/ide/plugins/com.nxp.mcuxpresso.tools.win32_11.8.0.202306131047/tools/bin/../lib/gcc/arm-none-eabi/12.2.1/thumb/v6-m/nofp\libgcc.a(unaligned-funcs.o)
                0x00015b2c                __aeabi_uwrite4
 .text.__aeabi_uread8
                0x00015b40       0x2c c:/nxp/mcuxpressoide_11.8.0_1165/ide/plugins/com.nxp.mcuxpresso.tools.win32_11.8.0.202306131047/tools/bin/../lib/gcc/arm-none-eabi/12.2.1/thumb/v6-m/nofp\libgcc.a(unaligned-funcs.o)
                0x00015b40                __aeabi_uread8
 .text.__aeabi_uwrite8
                0x00015b6c       0x20 c:/nxp/mcuxpressoide_11.8.0_1165/ide/plugins/com.nxp.mcuxpresso.tools.win32_11.8.0.202306131047/tools/bin/../lib/gcc/arm-none-eabi/12.2.1/thumb/v6-m/nofp\libgcc.a(unaligned-funcs.o)
                0x00015b6c                __aeabi_uwrite8
 .text.DbgConsole_PrintfPaddingCharacter
                0x00015b8c       0x48 ./utilities/fsl_debug_console.o
 .text.DbgConsole_ConvertRadixNumToString
                0x00015bd4      0x114 ./utilities/fsl_debug_console.o
 .text.DbgConsole_PrintfFormattedData
                0x00015ce8      0x33a ./utilities/fsl_debug_console.o
 .text.App_WaitMsg
                0x00016022       0x32 ./source/mwa_coordinator.o
 .text.MPM_AcquirePAN
                0x00016054       0x12 ./ieee_802.15.4/phy/source/MKW41Z/MPM.o
                0x00016054                MPM_AcquirePAN
 .text.MPM_ReleasePAN
                0x00016066       0x12 ./ieee_802.15.4/phy/source/MKW41Z/MPM.o
                0x00016066                MPM_ReleasePAN
 .text.PHY_ForceIrqPending
                0x00016078       0x10 ./ieee_802.15.4/phy/source/MKW41Z/PhyISR.o
                0x00016078                PHY_ForceIrqPending
 .text.Phy_LqiConvert
                0x00016088       0x46 ./ieee_802.15.4/phy/source/MKW41Z/PhyISR.o
 .text.BindToPHY
                0x000160ce       0x12 ./ieee_802.15.4/phy/source/MKW41Z/PhyStateMachine.o
                0x000160ce                BindToPHY
 .text.Phy_SetSequenceTiming
                0x000160e0       0x9e ./ieee_802.15.4/phy/source/MKW41Z/PhyStateMachine.o
                0x000160e0                Phy_SetSequenceTiming
 .text.Radio_Phy_TimeWaitTimeoutIndication
                0x0001617e       0x14 ./ieee_802.15.4/phy/source/MKW41Z/PhyStateMachine.o
                0x0001617e                Radio_Phy_TimeWaitTimeoutIndication
 .text.Radio_Phy_TimeStartEventIndication
                0x00016192       0x10 ./ieee_802.15.4/phy/source/MKW41Z/PhyStateMachine.o
                0x00016192                Radio_Phy_TimeStartEventIndication
 .text.Radio_Phy_PlmeSyncLossIndication
                0x000161a2       0x1c ./ieee_802.15.4/phy/source/MKW41Z/PhyStateMachine.o
                0x000161a2                Radio_Phy_PlmeSyncLossIndication
 .text.MAC_Monitor
                0x000161be       0x24 ./ieee_802.15.4/mac/source/App/FsciMacCommands.o
                0x000161be                MAC_Monitor
 .text.xEventGroupCreate
                0x000161e2       0x30 ./freertos/event_groups.o
                0x000161e2                xEventGroupCreate
 .text.xEventGroupWaitBits
                0x00016212      0x152 ./freertos/event_groups.o
                0x00016212                xEventGroupWaitBits
 .text.xEventGroupSetBits
                0x00016364       0xf8 ./freertos/event_groups.o
                0x00016364                xEventGroupSetBits
 .text.vEventGroupSetBitsCallback
                0x0001645c       0x1e ./freertos/event_groups.o
                0x0001645c                vEventGroupSetBitsCallback
 .text.prvTestWaitCondition
                0x0001647a       0x3e ./freertos/event_groups.o
 .text.vListInitialise
                0x000164b8       0x3c ./freertos/list.o
                0x000164b8                vListInitialise
 .text.vListInitialiseItem
                0x000164f4       0x16 ./freertos/list.o
                0x000164f4                vListInitialiseItem
 .text.vListInsertEnd
                0x0001650a       0x44 ./freertos/list.o
                0x0001650a                vListInsertEnd
 .text.vListInsert
                0x0001654e       0x6c ./freertos/list.o
                0x0001654e                vListInsert
 .text.uxListRemove
                0x000165ba       0x50 ./freertos/list.o
                0x000165ba                uxListRemove
 .text.SVC_Handler
                0x0001660a        0xa ./freertos/port.o
                0x0001660a                SVC_Handler
 .text.ulSetInterruptMaskFromISR
                0x00016614        0xc ./freertos/port.o
                0x00016614                ulSetInterruptMaskFromISR
 .text.vClearInterruptMaskFromISR
                0x00016620        0x8 ./freertos/port.o
                0x00016620                vClearInterruptMaskFromISR
 .text.xQueueGenericReset
                0x00016628       0xaa ./freertos/queue.o
                0x00016628                xQueueGenericReset
 .text.xQueueGenericCreate
                0x000166d2       0x66 ./freertos/queue.o
                0x000166d2                xQueueGenericCreate
 .text.prvInitialiseNewQueue
                0x00016738       0x4e ./freertos/queue.o
 .text.prvInitialiseMutex
                0x00016786       0x34 ./freertos/queue.o
 .text.xQueueCreateMutex
                0x000167ba       0x38 ./freertos/queue.o
                0x000167ba                xQueueCreateMutex
 .text.xQueueGetMutexHolder
                0x000167f2       0x2e ./freertos/queue.o
                0x000167f2                xQueueGetMutexHolder
 .text.xQueueCreateCountingSemaphore
                0x00016820       0x4a ./freertos/queue.o
                0x00016820                xQueueCreateCountingSemaphore
 .text.xQueueGenericSend
                0x0001686a      0x190 ./freertos/queue.o
                0x0001686a                xQueueGenericSend
 .text.xQueueGenericSendFromISR
                0x000169fa       0xe8 ./freertos/queue.o
                0x000169fa                xQueueGenericSendFromISR
 .text.xQueueGiveFromISR
                0x00016ae2       0xd0 ./freertos/queue.o
                0x00016ae2                xQueueGiveFromISR
 .text.xQueueGenericReceive
                0x00016bb2      0x1ce ./freertos/queue.o
                0x00016bb2                xQueueGenericReceive
 .text.prvCopyDataToQueue
                0x00016d80       0xd6 ./freertos/queue.o
 .text.prvCopyDataFromQueue
                0x00016e56       0x4c ./freertos/queue.o
 .text.prvUnlockQueue
                0x00016ea2       0xbc ./freertos/queue.o
 .text.prvIsQueueEmpty
                0x00016f5e       0x2c ./freertos/queue.o
 .text.prvIsQueueFull
                0x00016f8a       0x30 ./freertos/queue.o
 .text.vQueueWaitForMessageRestricted
                0x00016fba       0x66 ./freertos/queue.o
                0x00016fba                vQueueWaitForMessageRestricted
 .text.xTaskCreate
                0x00017020       0x90 ./freertos/tasks.o
                0x00017020                xTaskCreate
 .text.prvDeleteTCB
                0x000170b0       0x22 ./freertos/tasks.o
 .text.prvTimerTask
                0x000170d2       0x2a ./freertos/timers.o
 .text.XcvrCalDelay
                0x000170fc       0x20 ./framework/XCVR/MKW41Z4/fsl_xcvr_trim.o
                0x000170fc                XcvrCalDelay
 .text.store_sw_trim
                0x0001711c       0x96 ./framework/XCVR/MKW41Z4/ifr_radio.o
                0x0001711c                store_sw_trim
 .text.TPM_GetStatusFlags