../source/mwa_coordinator.c:155:6:main_task	16	static
../source/mwa_coordinator.c:196:6:App_init	8	static
../source/mwa_coordinator.c:234:6:AppThread	48	static
../source/mwa_coordinator.c:426:6:Led_State	16	static
../source/mwa_coordinator.c:460:13:UartRxCallBack	32	static
../source/mwa_coordinator.c:495:16:App_StartScan	32	static
../source/mwa_coordinator.c:556:13:App_HandleScanEdConfirm	32	static
../source/mwa_coordinator.c:646:16:App_StartCoordinator	40	static
../source/mwa_coordinator.c:749:16:App_SendAssociateResponse	40	static
../source/mwa_coordinator.c:866:16:App_HandleMlmeInput	16	static
../source/mwa_coordinator.c:894:13:App_HandleMcpsInput	48	static
../source/mwa_coordinator.c:951:16:App_WaitMsg	16	static
../source/mwa_coordinator.c:980:13:App_TransmitUartData	24	static
../source/mwa_coordinator.c:1062:13:App_HandleKeys	16	static
../source/mwa_coordinator.c:1094:14:MLME_NWK_SapHandler	16	static
../source/mwa_coordinator.c:1102:14:MCPS_NWK_SapHandler	16	static
